Component: ARM Compiler 5.06 update 4 (build 422) Tool: armlink [4d35d2]

==============================================================================

Section Cross References

    stm32f1xx_hal_cortex.o(i.HAL_NVIC_SetPriority) refers to stm32f1xx_hal_cortex.o(i._Z16NVIC_SetPriority9IRQn_Typej) for NVIC_SetPriority(IRQn_Type, unsigned)
    stm32f1xx_hal_cortex.o(i.HAL_SYSTICK_Config) refers to stm32f1xx_hal_cortex.o(i._Z16NVIC_SetPriority9IRQn_Typej) for NVIC_SetPriority(IRQn_Type, unsigned)
    stm32f1xx_hal_cortex.o(i.HAL_SYSTICK_IRQHandler) refers to stm32f1xx_hal_cortex.o(i.HAL_SYSTICK_Callback) for HAL_SYSTICK_Callback
    stm32f1xx_hal_cortex.o(.ARM.exidx) refers to stm32f1xx_hal_cortex.o(i.HAL_NVIC_SetPriorityGrouping) for i.HAL_NVIC_SetPriorityGrouping
    stm32f1xx_hal_cortex.o(.ARM.exidx) refers to stm32f1xx_hal_cortex.o(i.HAL_NVIC_SetPriority) for i.HAL_NVIC_SetPriority
    stm32f1xx_hal_cortex.o(.ARM.exidx) refers to stm32f1xx_hal_cortex.o(i.HAL_NVIC_EnableIRQ) for i.HAL_NVIC_EnableIRQ
    stm32f1xx_hal_cortex.o(.ARM.exidx) refers to stm32f1xx_hal_cortex.o(i.HAL_NVIC_DisableIRQ) for i.HAL_NVIC_DisableIRQ
    stm32f1xx_hal_cortex.o(.ARM.exidx) refers to stm32f1xx_hal_cortex.o(i.HAL_NVIC_SystemReset) for i.HAL_NVIC_SystemReset
    stm32f1xx_hal_cortex.o(.ARM.exidx) refers to stm32f1xx_hal_cortex.o(i.HAL_SYSTICK_Config) for i.HAL_SYSTICK_Config
    stm32f1xx_hal_cortex.o(.ARM.exidx) refers to stm32f1xx_hal_cortex.o(i.HAL_NVIC_GetPriorityGrouping) for i.HAL_NVIC_GetPriorityGrouping
    stm32f1xx_hal_cortex.o(.ARM.exidx) refers to stm32f1xx_hal_cortex.o(i.HAL_NVIC_GetPriority) for i.HAL_NVIC_GetPriority
    stm32f1xx_hal_cortex.o(.ARM.exidx) refers to stm32f1xx_hal_cortex.o(i.HAL_NVIC_SetPendingIRQ) for i.HAL_NVIC_SetPendingIRQ
    stm32f1xx_hal_cortex.o(.ARM.exidx) refers to stm32f1xx_hal_cortex.o(i.HAL_NVIC_GetPendingIRQ) for i.HAL_NVIC_GetPendingIRQ
    stm32f1xx_hal_cortex.o(.ARM.exidx) refers to stm32f1xx_hal_cortex.o(i.HAL_NVIC_ClearPendingIRQ) for i.HAL_NVIC_ClearPendingIRQ
    stm32f1xx_hal_cortex.o(.ARM.exidx) refers to stm32f1xx_hal_cortex.o(i.HAL_NVIC_GetActive) for i.HAL_NVIC_GetActive
    stm32f1xx_hal_cortex.o(.ARM.exidx) refers to stm32f1xx_hal_cortex.o(i.HAL_SYSTICK_CLKSourceConfig) for i.HAL_SYSTICK_CLKSourceConfig
    stm32f1xx_hal_cortex.o(.ARM.exidx) refers to stm32f1xx_hal_cortex.o(i.HAL_SYSTICK_Callback) for i.HAL_SYSTICK_Callback
    stm32f1xx_hal_cortex.o(.ARM.exidx) refers to stm32f1xx_hal_cortex.o(i.HAL_SYSTICK_IRQHandler) for i.HAL_SYSTICK_IRQHandler
    stm32f1xx_hal_cortex.o(.ARM.exidx) refers to stm32f1xx_hal_cortex.o(i._Z16NVIC_SetPriority9IRQn_Typej) for i._Z16NVIC_SetPriority9IRQn_Typej
    stm32f1xx_hal_pcd.o(i.HAL_PCD_ActivateRemoteWakeup) refers to stm32f1xx_ll_usb.o(i.USB_ActivateRemoteWakeup) for USB_ActivateRemoteWakeup
    stm32f1xx_hal_pcd.o(i.HAL_PCD_DeActivateRemoteWakeup) refers to stm32f1xx_ll_usb.o(i.USB_DeActivateRemoteWakeup) for USB_DeActivateRemoteWakeup
    stm32f1xx_hal_pcd.o(i.HAL_PCD_DeInit) refers to stm32f1xx_hal_pcd.o(i.HAL_PCD_Stop) for HAL_PCD_Stop
    stm32f1xx_hal_pcd.o(i.HAL_PCD_DeInit) refers to usbd_conf.o(i.HAL_PCD_MspDeInit) for HAL_PCD_MspDeInit
    stm32f1xx_hal_pcd.o(i.HAL_PCD_DevConnect) refers to usbd_conf.o(i.HAL_PCDEx_SetConnectionState) for HAL_PCDEx_SetConnectionState
    stm32f1xx_hal_pcd.o(i.HAL_PCD_DevConnect) refers to stm32f1xx_ll_usb.o(i.USB_DevConnect) for USB_DevConnect
    stm32f1xx_hal_pcd.o(i.HAL_PCD_DevDisconnect) refers to usbd_conf.o(i.HAL_PCDEx_SetConnectionState) for HAL_PCDEx_SetConnectionState
    stm32f1xx_hal_pcd.o(i.HAL_PCD_DevDisconnect) refers to stm32f1xx_ll_usb.o(i.USB_DevDisconnect) for USB_DevDisconnect
    stm32f1xx_hal_pcd.o(i.HAL_PCD_EP_Close) refers to stm32f1xx_ll_usb.o(i.USB_DeactivateEndpoint) for USB_DeactivateEndpoint
    stm32f1xx_hal_pcd.o(i.HAL_PCD_EP_ClrStall) refers to stm32f1xx_ll_usb.o(i.USB_EPClearStall) for USB_EPClearStall
    stm32f1xx_hal_pcd.o(i.HAL_PCD_EP_Flush) refers to stm32f1xx_ll_usb.o(i.USB_FlushTxFifo) for USB_FlushTxFifo
    stm32f1xx_hal_pcd.o(i.HAL_PCD_EP_Flush) refers to stm32f1xx_ll_usb.o(i.USB_FlushRxFifo) for USB_FlushRxFifo
    stm32f1xx_hal_pcd.o(i.HAL_PCD_EP_Open) refers to stm32f1xx_ll_usb.o(i.USB_ActivateEndpoint) for USB_ActivateEndpoint
    stm32f1xx_hal_pcd.o(i.HAL_PCD_EP_Receive) refers to stm32f1xx_ll_usb.o(i.USB_EPStartXfer) for USB_EPStartXfer
    stm32f1xx_hal_pcd.o(i.HAL_PCD_EP_SetStall) refers to stm32f1xx_ll_usb.o(i.USB_EPSetStall) for USB_EPSetStall
    stm32f1xx_hal_pcd.o(i.HAL_PCD_EP_SetStall) refers to stm32f1xx_ll_usb.o(i.USB_EP0_OutStart) for USB_EP0_OutStart
    stm32f1xx_hal_pcd.o(i.HAL_PCD_EP_Transmit) refers to stm32f1xx_ll_usb.o(i.USB_EPStartXfer) for USB_EPStartXfer
    stm32f1xx_hal_pcd.o(i.HAL_PCD_IRQHandler) refers to stm32f1xx_ll_usb.o(i.USB_ReadInterrupts) for USB_ReadInterrupts
[...]
    i.USBD_LL_ClearStallEP                   0x0800281c   Section        0  usbd_conf.o(i.USBD_LL_ClearStallEP)
    i.USBD_LL_CloseEP                        0x0800283c   Section        0  usbd_conf.o(i.USBD_LL_CloseEP)
    i.USBD_LL_DataInStage                    0x0800285c   Section        0  usbd_core.o(i.USBD_LL_DataInStage)
    i.USBD_LL_DataOutStage                   0x08002906   Section        0  usbd_core.o(i.USBD_LL_DataOutStage)
    i.USBD_LL_GetRxDataSize                  0x08002970   Section        0  usbd_conf.o(i.USBD_LL_GetRxDataSize)
    i.USBD_LL_Init                           0x08002978   Section        0  usbd_conf.o(i.USBD_LL_Init)
    i.USBD_LL_IsStallEP                      0x080029f4   Section        0  usbd_conf.o(i.USBD_LL_IsStallEP)
    i.USBD_LL_OpenEP                         0x08002a10   Section        0  usbd_conf.o(i.USBD_LL_OpenEP)
    i.USBD_LL_PrepareReceive                 0x08002a36   Section        0  usbd_conf.o(i.USBD_LL_PrepareReceive)
    i.USBD_LL_Reset                          0x08002a56   Section        0  usbd_core.o(i.USBD_LL_Reset)
    i.USBD_LL_Resume                         0x08002a94   Section        0  usbd_core.o(i.USBD_LL_Resume)
    i.USBD_LL_SOF                            0x08002aa0   Section        0  usbd_core.o(i.USBD_LL_SOF)
    i.USBD_LL_SetSpeed                       0x08002ab8   Section        0  usbd_core.o(i.USBD_LL_SetSpeed)
    i.USBD_LL_SetUSBAddress                  0x08002abe   Section        0  usbd_conf.o(i.USBD_LL_SetUSBAddress)
    i.USBD_LL_SetupStage                     0x08002ade   Section        0  usbd_core.o(i.USBD_LL_SetupStage)
    i.USBD_LL_StallEP                        0x08002b38   Section        0  usbd_conf.o(i.USBD_LL_StallEP)
    i.USBD_LL_Start                          0x08002b58   Section        0  usbd_conf.o(i.USBD_LL_Start)
    i.USBD_LL_Suspend                        0x08002b78   Section        0  usbd_core.o(i.USBD_LL_Suspend)
    i.USBD_LL_Transmit                       0x08002b8a   Section        0  usbd_conf.o(i.USBD_LL_Transmit)
    i.USBD_ParseSetupRequest                 0x08002baa   Section        0  usbd_ctlreq.o(i.USBD_ParseSetupRequest)
    i.USBD_RegisterClass                     0x08002bd2   Section        0  usbd_core.o(i.USBD_RegisterClass)
    i.USBD_SetClassConfig                    0x08002be2   Section        0  usbd_core.o(i.USBD_SetClassConfig)
    i.USBD_Start                             0x08002bf8   Section        0  usbd_core.o(i.USBD_Start)
    i.USBD_StdDevReq                         0x08002c02   Section        0  usbd_ctlreq.o(i.USBD_StdDevReq)
    i.USBD_StdEPReq                          0x08002cf4   Section        0  usbd_ctlreq.o(i.USBD_StdEPReq)
    i.USBD_StdItfReq                         0x08002dd0   Section        0  usbd_ctlreq.o(i.USBD_StdItfReq)
    i.USBD_static_free                       0x08002e04   Section        0  usbd_conf.o(i.USBD_static_free)
    i.USBD_static_malloc                     0x08002e08   Section        0  usbd_conf.o(i.USBD_static_malloc)
    i.USB_ActivateEndpoint                   0x08002e10   Section        0  stm32f1xx_ll_usb.o(i.USB_ActivateEndpoint)
    i.USB_CoreInit                           0x0800306c   Section        0  stm32f1xx_ll_usb.o(i.USB_CoreInit)
    i.USB_DeactivateEndpoint                 0x08003070   Section        0  stm32f1xx_ll_usb.o(i.USB_DeactivateEndpoint)
    i.USB_DevConnect                         0x08003194   Section        0  stm32f1xx_ll_usb.o(i.USB_DevConnect)
    i.USB_DevDisconnect                      0x08003198   Section        0  stm32f1xx_ll_usb.o(i.USB_DevDisconnect)
    i.USB_DevInit                            0x0800319c   Section        0  stm32f1xx_ll_usb.o(i.USB_DevInit)
    i.USB_DisableGlobalInt                   0x080031ae   Section        0  stm32f1xx_ll_usb.o(i.USB_DisableGlobalInt)
    i.USB_EP0_OutStart                       0x080031bc   Section        0  stm32f1xx_ll_usb.o(i.USB_EP0_OutStart)
    i.USB_EPClearStall                       0x080031c0   Section        0  stm32f1xx_ll_usb.o(i.USB_EPClearStall)
    i.USB_EPSetStall                         0x0800322a   Section        0  stm32f1xx_ll_usb.o(i.USB_EPSetStall)
    i.USB_EPStartXfer                        0x08003274   Section        0  stm32f1xx_ll_usb.o(i.USB_EPStartXfer)
    i.USB_EnableGlobalInt                    0x0800341e   Section        0  stm32f1xx_ll_usb.o(i.USB_EnableGlobalInt)
    i.USB_LP_CAN1_RX0_IRQHandler             0x0800342c   Section        0  stm32f1xx_it.o(i.USB_LP_CAN1_RX0_IRQHandler)
    i.USB_ReadInterrupts                     0x08003438   Section        0  stm32f1xx_ll_usb.o(i.USB_ReadInterrupts)
    i.USB_ReadPMA                            0x08003440   Section        0  stm32f1xx_ll_usb.o(i.USB_ReadPMA)
    i.USB_SetCurrentMode                     0x0800345e   Section        0  stm32f1xx_ll_usb.o(i.USB_SetCurrentMode)
    i.USB_SetDevAddress                      0x08003462   Section        0  stm32f1xx_ll_usb.o(i.USB_SetDevAddress)
    i.USB_WritePMA                           0x0800346e   Section        0  stm32f1xx_ll_usb.o(i.USB_WritePMA)
    i.UsageFault_Handler                     0x08003494   Section        0  stm32f1xx_it.o(i.UsageFault_Handler)
    i._Z11CDC_Init_FSv                       0x08003498   Section        0  usbd_cdc_if.o(i._Z11CDC_Init_FSv)
    CDC_Init_FS()                            0x08003499   Thumb Code    26  usbd_cdc_if.o(i._Z11CDC_Init_FSv)
    i._Z13CDC_DeInit_FSv                     0x080034bc   Section        0  usbd_cdc_if.o(i._Z13CDC_DeInit_FSv)
    CDC_DeInit_FS()                          0x080034bd   Thumb Code     4  usbd_cdc_if.o(i._Z13CDC_DeInit_FSv)
    i._Z13USBD_CDC_InitP19_USBD_HandleTypeDefh 0x080034c0   Section        0  usbd_cdc.o(i._Z13USBD_CDC_InitP19_USBD_HandleTypeDefh)
    USBD_CDC_Init(_USBD_HandleTypeDef*, unsigned char) 0x080034c1   Thumb Code   136  usbd_cdc.o(i._Z13USBD_CDC_InitP19_USBD_HandleTypeDefh)
    i._Z14CDC_Control_FShPht                 0x08003548   Section        0  usbd_cdc_if.o(i._Z14CDC_Control_FShPht)
    CDC_Control_FS(unsigned char, unsigned char*, unsigned short) 0x08003549   Thumb Code     4  usbd_cdc_if.o(i._Z14CDC_Control_FShPht)
    i._Z14CDC_Receive_FSPhPj                 0x0800354c   Section        0  usbd_cdc_if.o(i._Z14CDC_Receive_FSPhPj)
    CDC_Receive_FS(unsigned char*, unsigned*) 0x0800354d   Thumb Code    20  usbd_cdc_if.o(i._Z14CDC_Receive_FSPhPj)
    i._Z14USBD_CDC_SetupP19_USBD_HandleTypeDefP13usb_setup_req 0x08003564   Section        0  usbd_cdc.o(i._Z14USBD_CDC_SetupP19_USBD_HandleTypeDefP13usb_setup_req)
    USBD_CDC_Setup(_USBD_HandleTypeDef*, usb_setup_req*) 0x08003565   Thumb Code   106  usbd_cdc.o(i._Z14USBD_CDC_SetupP19_USBD_HandleTypeDefP13usb_setup_req)
    i._Z14USBD_SetConfigP19_USBD_HandleTypeDefP13usb_setup_req 0x080035d4   Section        0  usbd_ctlreq.o(i._Z14USBD_SetConfigP19_USBD_HandleTypeDefP13usb_setup_req)
    USBD_SetConfig(_USBD_HandleTypeDef*, usb_setup_req*) 0x080035d5   Thumb Code   110  usbd_ctlreq.o(i._Z14USBD_SetConfigP19_USBD_HandleTypeDefP13usb_setup_req)
    i._Z15USBD_CDC_DataInP19_USBD_HandleTypeDefh 0x08003648   Section        0  usbd_cdc.o(i._Z15USBD_CDC_DataInP19_USBD_HandleTypeDefh)
    USBD_CDC_DataIn(_USBD_HandleTypeDef*, unsigned char) 0x08003649   Thumb Code    20  usbd_cdc.o(i._Z15USBD_CDC_DataInP19_USBD_HandleTypeDefh)
    i._Z15USBD_CDC_DeInitP19_USBD_HandleTypeDefh 0x0800365c   Section        0  usbd_cdc.o(i._Z15USBD_CDC_DeInitP19_USBD_HandleTypeDefh)
    USBD_CDC_DeInit(_USBD_HandleTypeDef*, unsigned char) 0x0800365d   Thumb Code    60  usbd_cdc.o(i._Z15USBD_CDC_DeInitP19_USBD_HandleTypeDefh)
    i._Z16NVIC_SetPriority9IRQn_Typej        0x08003698   Section        0  stm32f1xx_hal_cortex.o(i._Z16NVIC_SetPriority9IRQn_Typej)
    NVIC_SetPriority(IRQn_Type, unsigned)    0x08003699   Thumb Code    32  stm32f1xx_hal_cortex.o(i._Z16NVIC_SetPriority9IRQn_Typej)
    i._Z16USBD_CDC_DataOutP19_USBD_HandleTypeDefh 0x080036b8   Section        0  usbd_cdc.o(i._Z16USBD_CDC_DataOutP19_USBD_HandleTypeDefh)
    USBD_CDC_DataOut(_USBD_HandleTypeDef*, unsigned char) 0x080036b9   Thumb Code    46  usbd_cdc.o(i._Z16USBD_CDC_DataOutP19_USBD_HandleTypeDefh)
    i._Z17TIM_ETR_SetConfigP11TIM_TypeDefjjj 0x080036e6   Section        0  stm32f1xx_hal_tim.o(i._Z17TIM_ETR_SetConfigP11TIM_TypeDefjjj)
    TIM_ETR_SetConfig(TIM_TypeDef*, unsigned, unsigned, unsigned) 0x080036e7   Thumb Code    20  stm32f1xx_hal_tim.o(i._Z17TIM_ETR_SetConfigP11TIM_TypeDefjjj)
    i._Z18PCD_EP_ISR_HandlerP17PCD_HandleTypeDef 0x080036fa   Section        0  stm32f1xx_hal_pcd.o(i._Z18PCD_EP_ISR_HandlerP17PCD_HandleTypeDef)
    PCD_EP_ISR_Handler(PCD_HandleTypeDef*)   0x080036fb   Thumb Code   866  stm32f1xx_hal_pcd.o(i._Z18PCD_EP_ISR_HandlerP17PCD_HandleTypeDef)
    i._Z18SystemClock_Configv                0x08003a5c   Section        0  main.o(i._Z18SystemClock_Configv)
    i._Z18TIM_ITRx_SetConfigP11TIM_TypeDeft  0x08003ada   Section        0  stm32f1xx_hal_tim.o(i._Z18TIM_ITRx_SetConfigP11TIM_TypeDeft)
    TIM_ITRx_SetConfig(TIM_TypeDef*, unsigned short) 0x08003adb   Thumb Code    16  stm32f1xx_hal_tim.o(i._Z18TIM_ITRx_SetConfigP11TIM_TypeDeft)
    i._Z18USBD_GetDescriptorP19_USBD_HandleTypeDefP13usb_setup_req 0x08003aea   Section        0  usbd_ctlreq.o(i._Z18USBD_GetDescriptorP19_USBD_HandleTypeDefP13usb_setup_req)
    USBD_GetDescriptor(_USBD_HandleTypeDef*, usb_setup_req*) 0x08003aeb   Thumb Code   224  usbd_ctlreq.o(i._Z18USBD_GetDescriptorP19_USBD_HandleTypeDefP13usb_setup_req)
    i._Z20USBD_CDC_EP0_RxReadyP19_USBD_HandleTypeDef 0x08003bca   Section        0  usbd_cdc.o(i._Z20USBD_CDC_EP0_RxReadyP19_USBD_HandleTypeDef)
    USBD_CDC_EP0_RxReady(_USBD_HandleTypeDef*) 0x08003bcb   Thumb Code    36  usbd_cdc.o(i._Z20USBD_CDC_EP0_RxReadyP19_USBD_HandleTypeDef)
    i._Z21USBD_CDC_GetFSCfgDescPt            0x08003bf0   Section        0  usbd_cdc.o(i._Z21USBD_CDC_GetFSCfgDescPt)
    USBD_CDC_GetFSCfgDesc(unsigned short*)   0x08003bf1   Thumb Code     8  usbd_cdc.o(i._Z21USBD_CDC_GetFSCfgDescPt)
    i._Z21USBD_CDC_GetHSCfgDescPt            0x08003bfc   Section        0  usbd_cdc.o(i._Z21USBD_CDC_GetHSCfgDescPt)
    USBD_CDC_GetHSCfgDesc(unsigned short*)   0x08003bfd   Thumb Code     8  usbd_cdc.o(i._Z21USBD_CDC_GetHSCfgDescPt)
    i._Z24TIM_TI1_ConfigInputStageP11TIM_TypeDefjj 0x08003c08   Section        0  stm32f1xx_hal_tim.o(i._Z24TIM_TI1_ConfigInputStageP11TIM_TypeDefjj)
    TIM_TI1_ConfigInputStage(TIM_TypeDef*, unsigned, unsigned) 0x08003c09   Thumb Code    34  stm32f1xx_hal_tim.o(i._Z24TIM_TI1_ConfigInputStageP11TIM_TypeDefjj)
    i._Z24TIM_TI2_ConfigInputStageP11TIM_TypeDefjj 0x08003c2a   Section        0  stm32f1xx_hal_tim.o(i._Z24TIM_TI2_ConfigInputStageP11TIM_TypeDefjj)
    TIM_TI2_ConfigInputStage(TIM_TypeDef*, unsigned, unsigned) 0x08003c2b   Thumb Code    36  stm32f1xx_hal_tim.o(i._Z24TIM_TI2_ConfigInputStageP11TIM_TypeDefjj)
    i._Z24USBD_FS_DeviceDescriptor17USBD_SpeedTypeDefPt 0x08003c50   Section        0  usbd_desc.o(i._Z24USBD_FS_DeviceDescriptor17USBD_SpeedTypeDefPt)
    i._Z26SPI_WaitOnFlagUntilTimeoutP19__SPI_HandleTypeDefj10FlagStatusj 0x08003c5c   Section        0  stm32f1xx_hal_spi.o(i._Z26SPI_WaitOnFlagUntilTimeoutP19__SPI_HandleTypeDefj10FlagStatusj)
    SPI_WaitOnFlagUntilTimeout(__SPI_HandleTypeDef*, unsigned, FlagStatus, unsigned) 0x08003c5d   Thumb Code   158  stm32f1xx_hal_spi.o(i._Z26SPI_WaitOnFlagUntilTimeoutP19__SPI_HandleTypeDefj10FlagStatusj)
    i._Z27USBD_FS_ConfigStrDescriptor17USBD_SpeedTypeDefPt 0x08003cfc   Section        0  usbd_desc.o(i._Z27USBD_FS_ConfigStrDescriptor17USBD_SpeedTypeDefPt)
    i._Z27USBD_FS_LangIDStrDescriptor17USBD_SpeedTypeDefPt 0x08003d1c   Section        0  usbd_desc.o(i._Z27USBD_FS_LangIDStrDescriptor17USBD_SpeedTypeDefPt)
    i._Z27USBD_FS_SerialStrDescriptor17USBD_SpeedTypeDefPt 0x08003d28   Section        0  usbd_desc.o(i._Z27USBD_FS_SerialStrDescriptor17USBD_SpeedTypeDefPt)
    i._Z28USBD_FS_ProductStrDescriptor17USBD_SpeedTypeDefPt 0x08003d4c   Section        0  usbd_desc.o(i._Z28USBD_FS_ProductStrDescriptor17USBD_SpeedTypeDefPt)
    i._Z29USBD_CDC_GetOtherSpeedCfgDescPt    0x08003d78   Section        0  usbd_cdc.o(i._Z29USBD_CDC_GetOtherSpeedCfgDescPt)
    USBD_CDC_GetOtherSpeedCfgDesc(unsigned short*) 0x08003d79   Thumb Code     8  usbd_cdc.o(i._Z29USBD_CDC_GetOtherSpeedCfgDescPt)
    i._Z30USBD_FS_InterfaceStrDescriptor17USBD_SpeedTypeDefPt 0x08003d84   Section        0  usbd_desc.o(i._Z30USBD_FS_InterfaceStrDescriptor17USBD_SpeedTypeDefPt)
    i._Z33USBD_FS_ManufacturerStrDescriptor17USBD_SpeedTypeDefPt 0x08003da8   Section        0  usbd_desc.o(i._Z33USBD_FS_ManufacturerStrDescriptor17USBD_SpeedTypeDefPt)
    i._Z37USBD_CDC_GetDeviceQualifierDescriptorPt 0x08003dd0   Section        0  usbd_cdc.o(i._Z37USBD_CDC_GetDeviceQualifierDescriptorPt)
    i._ZN3NRF10get_StatusEv                  0x08003ddc   Section        0  nrf24l01.o(i._ZN3NRF10get_StatusEv)
    i._ZN3NRF10init_miladEcccPcccc           0x08003e0e   Section        0  nrf24l01.o(i._ZN3NRF10init_miladEcccPcccc)
    i._ZN3NRF10readRegBufEcPci               0x08003e88   Section        0  nrf24l01.o(i._ZN3NRF10readRegBufEcPci)
    i._ZN3NRF11read_RX_BufEPci               0x08003ed2   Section        0  nrf24l01.o(i._ZN3NRF11read_RX_BufEPci)
    i._ZN3NRF11set_RX_PipeEcPcic             0x08003edc   Section        0  nrf24l01.o(i._ZN3NRF11set_RX_PipeEcPcic)
    i._ZN3NRF11writeRegBufEcPci              0x08003f28   Section        0  nrf24l01.o(i._ZN3NRF11writeRegBufEcPci)
    i._ZN3NRF12write_TX_BufEPci              0x08003f72   Section        0  nrf24l01.o(i._ZN3NRF12write_TX_BufEPci)
    i._ZN3NRF14set_ShockBurstEc              0x08003f7c   Section        0  nrf24l01.o(i._ZN3NRF14set_ShockBurstEc)
    i._ZN3NRF14set_TX_AddressEPci            0x08003f98   Section        0  nrf24l01.o(i._ZN3NRF14set_TX_AddressEPci)
    i._ZN3NRF16clear_InterruptsEv            0x08003fa2   Section        0  nrf24l01.o(i._ZN3NRF16clear_InterruptsEv)
    i._ZN3NRF17set_Address_WidthEc           0x08003faa   Section        0  nrf24l01.o(i._ZN3NRF17set_Address_WidthEc)
    i._ZN3NRF5SPI_LEc                        0x08003fb2   Section        0  nrf24l01.o(i._ZN3NRF5SPI_LEc)
    i._ZN3NRF6set_CHEc                       0x08003fce   Section        0  nrf24l01.o(i._ZN3NRF6set_CHEc)
    i._ZN3NRF7readRegEc                      0x08003fd8   Section        0  nrf24l01.o(i._ZN3NRF7readRegEc)
    i._ZN3NRF8flush_RXEv                     0x0800400c   Section        0  nrf24l01.o(i._ZN3NRF8flush_RXEv)
    i._ZN3NRF8flush_TXEv                     0x08004034   Section        0  nrf24l01.o(i._ZN3NRF8flush_TXEv)
    i._ZN3NRF8writeRegEcc                    0x0800405c   Section        0  nrf24l01.o(i._ZN3NRF8writeRegEcc)
    i._ZN3NRF9clear_AllEv                    0x08004092   Section        0  nrf24l01.o(i._ZN3NRF9clear_AllEv)
    i._ZN8Joystick10Data_ReadyEv             0x080040b4   Section        0  joystick.o(i._ZN8Joystick10Data_ReadyEv)
    i._ZN8Joystick10getOffsetsEv             0x080040cc   Section        0  joystick.o(i._ZN8Joystick10getOffsetsEv)
    i._ZN8Joystick11Key_ChangedEv            0x08004206   Section        0  joystick.o(i._ZN8Joystick11Key_ChangedEv)
    i._ZN8Joystick11Time_PassedEP17TIM_HandleTypeDef 0x08004218   Section        0  joystick.o(i._ZN8Joystick11Time_PassedEP17TIM_HandleTypeDef)
    i._ZN8Joystick11changeRobotEh            0x08004234   Section        0  joystick.o(i._ZN8Joystick11changeRobotEh)
    i._ZN8Joystick13changeChannelEm          0x0800426c   Section        0  joystick.o(i._ZN8Joystick13changeChannelEm)
    i._ZN8Joystick4getWEv                    0x08004282   Section        0  joystick.o(i._ZN8Joystick4getWEv)
    i._ZN8Joystick4getXEv                    0x080042e6   Section        0  joystick.o(i._ZN8Joystick4getXEv)
    i._ZN8Joystick4getYEv                    0x0800434a   Section        0  joystick.o(i._ZN8Joystick4getYEv)
    i._ZN8Joystick4initEP3NRFP17ADC_HandleTypeDefP17TIM_HandleTypeDefmmmm 0x080043ae   Section        0  joystick.o(i._ZN8Joystick4initEP3NRFP17ADC_HandleTypeDefP17TIM_HandleTypeDefmmmm)
    i._ZN8Joystick4setWEi                    0x080043ec   Section        0  joystick.o(i._ZN8Joystick4setWEi)
    i._ZN8Joystick4setXEi                    0x08004404   Section        0  joystick.o(i._ZN8Joystick4setXEi)
    i._ZN8Joystick4setYEi                    0x0800441c   Section        0  joystick.o(i._ZN8Joystick4setYEi)
    i._ZN8Joystick6updateEv                  0x08004434   Section        0  joystick.o(i._ZN8Joystick6updateEv)
    i._ZN8Joystick7Do_KeysEv                 0x080044bc   Section        0  joystick.o(i._ZN8Joystick7Do_KeysEv)
    i._ZN8Joystick7NRFInitEv                 0x080044ec   Section        0  joystick.o(i._ZN8Joystick7NRFInitEv)
    i._ZN8Joystick9Read_KeysEv               0x0800454c   Section        0  joystick.o(i._ZN8Joystick9Read_KeysEv)
    i._ZN8JoystickC1Ev                       0x080045e4   Section        0  joystick.o(i._ZN8JoystickC1Ev)
    i.__0sprintf$6                           0x080045e8   Section        0  printf6.o(i.__0sprintf$6)
    i.__scatterload_copy                     0x08004610   Section       14  handlers.o(i.__scatterload_copy)
    i.__scatterload_null                     0x0800461e   Section        2  handlers.o(i.__scatterload_null)
    i.__scatterload_zeroinit                 0x08004620   Section       14  handlers.o(i.__scatterload_zeroinit)
    i.__sti___8_main_cpp_joystick            0x08004630   Section        0  main.o(i.__sti___8_main_cpp_joystick)
    __sti___8_main_cpp_joystick              0x08004631   Thumb Code     6  main.o(i.__sti___8_main_cpp_joystick)
    i._printf_core                           0x0800463c   Section        0  printf6.o(i._printf_core)
    _printf_core                             0x0800463d   Thumb Code   748  printf6.o(i._printf_core)
    i._printf_post_padding                   0x0800492c   Section        0  printf6.o(i._printf_post_padding)
    _printf_post_padding                     0x0800492d   Thumb Code    36  printf6.o(i._printf_post_padding)
    i._printf_pre_padding                    0x08004950   Section        0  printf6.o(i._printf_pre_padding)
    _printf_pre_padding                      0x08004951   Thumb Code    46  printf6.o(i._printf_pre_padding)
    i._sputc                                 0x0800497e   Section        0  printf6.o(i._sputc)
    _sputc                                   0x0800497f   Thumb Code    10  printf6.o(i._sputc)
    i.main                                   0x08004988   Section        0  main.o(i.main)
    .constdata                               0x08004ac4   Section       16  system_stm32f1xx.o(.constdata)
    .constdata                               0x08004ad4   Section        8  system_stm32f1xx.o(.constdata)
    .init_array                              0x08004afc   Section        4  main.o(.init_array)
    .init_array                              0x08004b00   Section        0  cpp_init.o(.init_array)
    .data                                    0x20000000   Section        1  stm32f1xx_hal_spi_ex.o(.data)
    .data                                    0x20000004   Section        4  stm32f1xx_hal.o(.data)
    uwTick                                   0x20000004   Data           4  stm32f1xx_hal.o(.data)
    .data                                    0x20000008   Section        1  usbd_ctlreq.o(.data)
    cfgidx                                   0x20000008   Data           1  usbd_ctlreq.o(.data)
    .data                                    0x2000000c   Section      219  usbd_cdc.o(.data)
    ifalt                                    0x2000000c   Data           1  usbd_cdc.o(.data)
    USBD_CDC_DeviceQualifierDesc             0x20000010   Data          10  usbd_cdc.o(.data)
    .data                                    0x200000e8   Section       56  usbd_cdc.o(.data)
    .data                                    0x20000120   Section       16  usbd_cdc_if.o(.data)
    .data                                    0x20000130   Section        8  usbd_cdc_if.o(.data)
    .data                                    0x20000138   Section       28  usbd_desc.o(.data)
    .data                                    0x20000154   Section       22  usbd_desc.o(.data)
    .data                                    0x2000016c   Section        4  system_stm32f1xx.o(.data)
    .bss                                     0x20000170   Section      548  usb_device.o(.bss)
    .bss                                     0x20000394   Section       60  tim.o(.bss)
    .bss                                     0x200003d0   Section       88  spi.o(.bss)
    .bss                                     0x20000428   Section       48  adc.o(.bss)
    .bss                                     0x20000458   Section     1600  usbd_conf.o(.bss)
    mem                                      0x20000458   Data         544  usbd_conf.o(.bss)
    .bss                                     0x20000a98   Section      512  usbd_desc.o(.bss)
    .bss                                     0x20000c98   Section      132  main.o(.bss)
    STACK                                    0x20000d20   Section     1024  startup_stm32f103xb.o(STACK)

    Global Symbols

    Symbol Name                              Value     Ov Type        Size  Object(Section)

    BuildAttributes$$THM_ISAv4$P$D$K$B$S$PE$A:L22UL41UL21$X:L11$S22US41US21$IEEE1$IW$USESV6$~STKCKD$USESV7$~SHL$OTIME$ROPI$EBA8$MICROLIB$REQ8$PRES8$EABIv2 0x00000000   Number         0  anon$$obj.o ABSOLUTE
    __ARM_use_no_argv                        0x00000000   Number         0  main.o ABSOLUTE
    _printf_a                                0x00000000   Number         0  stubs.o ABSOLUTE
    _printf_c                                0x00000000   Number         0  stubs.o ABSOLUTE
    _printf_charcount                        0x00000000   Number         0  stubs.o ABSOLUTE
    _printf_d                                0x00000000   Number         0  stubs.o ABSOLUTE
    _printf_e                                0x00000000   Number         0  stubs.o ABSOLUTE
    _printf_f                                0x00000000   Number         0  stubs.o ABSOLUTE
    _printf_flags                            0x00000000   Number         0  stubs.o ABSOLUTE
    _printf_fp_dec                           0x00000000   Number         0  stubs.o ABSOLUTE
    _printf_fp_hex                           0x00000000   Number         0  stubs.o ABSOLUTE
    _printf_g                                0x00000000   Number         0  stubs.o ABSOLUTE
    _printf_i                                0x00000000   Number         0  stubs.o ABSOLUTE
    _printf_int_dec                          0x00000000   Number         0  stubs.o ABSOLUTE
    _printf_l                                0x00000000   Number         0  stubs.o ABSOLUTE
    _printf_lc                               0x00000000   Number         0  stubs.o ABSOLUTE
    _printf_ll                               0x00000000   Number         0  stubs.o ABSOLUTE
    _printf_lld                              0x00000000   Number         0  stubs.o ABSOLUTE
    _printf_lli                              0x00000000   Number         0  stubs.o ABSOLUTE
    _printf_llo                              0x00000000   Number         0  stubs.o ABSOLUTE
    _printf_llu                              0x00000000   Number         0  stubs.o ABSOLUTE
    _printf_llx                              0x00000000   Number         0  stubs.o ABSOLUTE
    _printf_longlong_dec                     0x00000000   Number         0  stubs.o ABSOLUTE
    _printf_longlong_hex                     0x00000000   Number         0  stubs.o ABSOLUTE
    _printf_longlong_oct                     0x00000000   Number         0  stubs.o ABSOLUTE
    _printf_ls                               0x00000000   Number         0  stubs.o ABSOLUTE
    _printf_mbtowc                           0x00000000   Number         0  stubs.o ABSOLUTE
    _printf_n                                0x00000000   Number         0  stubs.o ABSOLUTE
    _printf_o                                0x00000000   Number         0  stubs.o ABSOLUTE
    _printf_p                                0x00000000   Number         0  stubs.o ABSOLUTE
    _printf_percent                          0x00000000   Number         0  stubs.o ABSOLUTE
    _printf_pre_padding                      0x00000000   Number         0  stubs.o ABSOLUTE
    _printf_return_value                     0x00000000   Number         0  stubs.o ABSOLUTE
    _printf_s                                0x00000000   Number         0  stubs.o ABSOLUTE
    _printf_sizespec                         0x00000000   Number         0  stubs.o ABSOLUTE
    _printf_str                              0x00000000   Number         0  stubs.o ABSOLUTE
    _printf_truncate_signed                  0x00000000   Number         0  stubs.o ABSOLUTE
    _printf_truncate_unsigned                0x00000000   Number         0  stubs.o ABSOLUTE
    _printf_u                                0x00000000   Number         0  stubs.o ABSOLUTE
    _printf_wc                               0x00000000   Number         0  stubs.o ABSOLUTE
    _printf_wctomb                           0x00000000   Number         0  stubs.o ABSOLUTE
    _printf_widthprec                        0x00000000   Number         0  stubs.o ABSOLUTE
    _printf_x                                0x00000000   Number         0  stubs.o ABSOLUTE
    __cxa_finalize                            - Undefined Weak Reference
    _clock_init                               - Undefined Weak Reference
    _microlib_exit                            - Undefined Weak Reference
    __Vectors_Size                           0x000000ec   Number         0  startup_stm32f103xb.o ABSOLUTE
    __Vectors                                0x08000000   Data           4  startup_stm32f103xb.o(RESET)
    __Vectors_End                            0x080000ec   Data           0  startup_stm32f103xb.o(RESET)
    __main                                   0x080000ed   Thumb Code     0  entry.o(.ARM.Collect$$$$00000000)
    _main_stk                                0x080000ed   Thumb Code     0  entry2.o(.ARM.Collect$$$$00000001)
    _main_scatterload                        0x080000f1   Thumb Code     0  entry5.o(.ARM.Collect$$$$00000004)
    __main_after_scatterload                 0x080000f5   Thumb Code     0  entry5.o(.ARM.Collect$$$$00000004)
    _main_clock                              0x080000f5   Thumb Code     0  entry7b.o(.ARM.Collect$$$$00000008)
    _main_cpp_init$empty                     0x080000f5   Thumb Code     0  entry8a.o(.ARM.Collect$$$$00000009)
    _main_cpp_init                           0x080000f9   Thumb Code     0  entry8b.o(.ARM.Collect$$$$0000000A)
    _main_init                               0x080000f9   Thumb Code     0  entry9a.o(.ARM.Collect$$$$0000000B)
    __rt_final_cpp                           0x08000101   Thumb Code     0  entry10a.o(.ARM.Collect$$$$0000000D)
    __rt_final_exit                          0x08000101   Thumb Code     0  entry11a.o(.ARM.Collect$$$$0000000F)
    Reset_Handler                            0x08000105   Thumb Code     8  startup_stm32f103xb.o(.text)
    ADC1_2_IRQHandler                        0x0800011f   Thumb Code     0  startup_stm32f103xb.o(.text)
    CAN1_RX1_IRQHandler                      0x0800011f   Thumb Code     0  startup_stm32f103xb.o(.text)
    CAN1_SCE_IRQHandler                      0x0800011f   Thumb Code     0  startup_stm32f103xb.o(.text)
    DMA1_Channel1_IRQHandler                 0x0800011f   Thumb Code     0  startup_stm32f103xb.o(.text)
    DMA1_Channel2_IRQHandler                 0x0800011f   Thumb Code     0  startup_stm32f103xb.o(.text)
    DMA1_Channel3_IRQHandler                 0x0800011f   Thumb Code     0  startup_stm32f103xb.o(.text)
    DMA1_Channel4_IRQHandler                 0x0800011f   Thumb Code     0  startup_stm32f103xb.o(.text)
    DMA1_Channel5_IRQHandler                 0x0800011f   Thumb Code     0  startup_stm32f103xb.o(.text)
    DMA1_Channel6_IRQHandler                 0x0800011f   Thumb Code     0  startup_stm32f103xb.o(.text)
    DMA1_Channel7_IRQHandler                 0x0800011f   Thumb Code     0  startup_stm32f103xb.o(.text)
    EXTI3_IRQHandler                         0x0800011f   Thumb Code     0  startup_stm32f103xb.o(.text)
    EXTI4_IRQHandler                         0x0800011f   Thumb Code     0  startup_stm32f103xb.o(.text)
    FLASH_IRQHandler                         0x0800011f   Thumb Code     0  startup_stm32f103xb.o(.text)
    I2C1_ER_IRQHandler                       0x0800011f   Thumb Code     0  startup_stm32f103xb.o(.text)
    I2C1_EV_IRQHandler                       0x0800011f   Thumb Code     0  startup_stm32f103xb.o(.text)
    I2C2_ER_IRQHandler                       0x0800011f   Thumb Code     0  startup_stm32f103xb.o(.text)
    I2C2_EV_IRQHandler                       0x0800011f   Thumb Code     0  startup_stm32f103xb.o(.text)
    RCC_IRQHandler                           0x0800011f   Thumb Code     0  startup_stm32f103xb.o(.text)
    RTC_Alarm_IRQHandler                     0x0800011f   Thumb Code     0  startup_stm32f103xb.o(.text)
    RTC_IRQHandler                           0x0800011f   Thumb Code     0  startup_stm32f103xb.o(.text)
    SPI1_IRQHandler                          0x0800011f   Thumb Code     0  startup_stm32f103xb.o(.text)
    SPI2_IRQHandler                          0x0800011f   Thumb Code     0  startup_stm32f103xb.o(.text)
    TAMPER_IRQHandler                        0x0800011f   Thumb Code     0  startup_stm32f103xb.o(.text)
    TIM1_BRK_IRQHandler                      0x0800011f   Thumb Code     0  startup_stm32f103xb.o(.text)
    TIM1_CC_IRQHandler                       0x0800011f   Thumb Code     0  startup_stm32f103xb.o(.text)
    TIM1_TRG_COM_IRQHandler                  0x0800011f   Thumb Code     0  startup_stm32f103xb.o(.text)
    TIM2_IRQHandler                          0x0800011f   Thumb Code     0  startup_stm32f103xb.o(.text)
    TIM3_IRQHandler                          0x0800011f   Thumb Code     0  startup_stm32f103xb.o(.text)
    TIM4_IRQHandler                          0x0800011f   Thumb Code     0  startup_stm32f103xb.o(.text)
    USART1_IRQHandler                        0x0800011f   Thumb Code     0  startup_stm32f103xb.o(.text)
    USART2_IRQHandler                        0x0800011f   Thumb Code     0  startup_stm32f103xb.o(.text)
    USART3_IRQHandler                        0x0800011f   Thumb Code     0  startup_stm32f103xb.o(.text)
    USBWakeUp_IRQHandler                     0x0800011f   Thumb Code     0  startup_stm32f103xb.o(.text)
    USB_HP_CAN1_TX_IRQHandler                0x0800011f   Thumb Code     0  startup_stm32f103xb.o(.text)
    WWDG_IRQHandler                          0x0800011f   Thumb Code     0  startup_stm32f103xb.o(.text)
    __aeabi_memcpy                           0x08000129   Thumb Code    36  memcpya.o(.text)
    __aeabi_memcpy4                          0x08000129   Thumb Code     0  memcpya.o(.text)
    __aeabi_memcpy8                          0x08000129   Thumb Code     0  memcpya.o(.text)
    __cpp_initialize__aeabi_                 0x0800014d   Thumb Code    22  cpp_init.o(.text)
    __aeabi_fmul                             0x0800016d   Thumb Code   100  fmul.o(.text)
    __aeabi_i2f                              0x080001d1   Thumb Code    18  fflti.o(.text)
    __aeabi_f2iz                             0x080001e3   Thumb Code    50  ffixi.o(.text)
    __aeabi_uidiv                            0x08000215   Thumb Code     0  uidiv.o(.text)
    __aeabi_uidivmod                         0x08000215   Thumb Code    44  uidiv.o(.text)
    __I$use$fp                               0x08000241   Thumb Code     0  iusefp.o(.text)
    _float_round                             0x08000241   Thumb Code    18  fepilogue.o(.text)
    _float_epilogue                          0x08000253   Thumb Code    92  fepilogue.o(.text)
    __scatterload                            0x080002b1   Thumb Code    28  init.o(.text)
    __scatterload_rt2                        0x080002b1   Thumb Code     0  init.o(.text)
    __decompress                             0x080002d5   Thumb Code     0  __dczerorl2.o(.text)
    __decompress1                            0x080002d5   Thumb Code    86  __dczerorl2.o(.text)
    ADC_ConversionStop_Disable               0x0800032d   Thumb Code    76  stm32f1xx_hal_adc.o(i.ADC_ConversionStop_Disable)
    ADC_Enable                               0x08000379   Thumb Code   104  stm32f1xx_hal_adc.o(i.ADC_Enable)
    BusFault_Handler                         0x080003e9   Thumb Code     2  stm32f1xx_it.o(i.BusFault_Handler)
    CDC_Transmit_FS                          0x080003ed   Thumb Code    38  usbd_cdc_if.o(i.CDC_Transmit_FS)
    DebugMon_Handler                         0x08000419   Thumb Code     2  stm32f1xx_it.o(i.DebugMon_Handler)
    EXTI0_IRQHandler                         0x0800041b   Thumb Code     6  stm32f1xx_it.o(i.EXTI0_IRQHandler)
    EXTI15_10_IRQHandler                     0x08000421   Thumb Code    54  stm32f1xx_it.o(i.EXTI15_10_IRQHandler)
    EXTI1_IRQHandler                         0x08000457   Thumb Code     6  stm32f1xx_it.o(i.EXTI1_IRQHandler)
    EXTI2_IRQHandler                         0x0800045d   Thumb Code     6  stm32f1xx_it.o(i.EXTI2_IRQHandler)
    EXTI9_5_IRQHandler                       0x08000463   Thumb Code    28  stm32f1xx_it.o(i.EXTI9_5_IRQHandler)
    Error_Handler                            0x0800047f   Thumb Code     2  main.o(i.Error_Handler)
    HAL_ADC_ConfigChannel                    0x08000481   Thumb Code   346  stm32f1xx_hal_adc.o(i.HAL_ADC_ConfigChannel)
    HAL_ADC_GetValue                         0x080005e9   Thumb Code     6  stm32f1xx_hal_adc.o(i.HAL_ADC_GetValue)
    HAL_ADC_Init                             0x080005f1   Thumb Code   300  stm32f1xx_hal_adc.o(i.HAL_ADC_Init)
    HAL_ADC_MspInit                          0x08000725   Thumb Code    50  adc.o(i.HAL_ADC_MspInit)
    HAL_ADC_PollForConversion                0x08000765   Thumb Code   290  stm32f1xx_hal_adc.o(i.HAL_ADC_PollForConversion)
    HAL_ADC_Start                            0x08000895   Thumb Code   184  stm32f1xx_hal_adc.o(i.HAL_ADC_Start)
    HAL_ADC_Stop                             0x08000955   Thumb Code    52  stm32f1xx_hal_adc.o(i.HAL_ADC_Stop)
    HAL_Delay                                0x08000989   Thumb Code    22  stm32f1xx_hal.o(i.HAL_Delay)
    HAL_GPIO_EXTI_Callback                   0x080009a1   Thumb Code     6  main.o(i.HAL_GPIO_EXTI_Callback)
    HAL_GPIO_EXTI_IRQHandler                 0x080009ad   Thumb Code    18  stm32f1xx_hal_gpio.o(i.HAL_GPIO_EXTI_IRQHandler)
    HAL_GPIO_Init                            0x080009c5   Thumb Code   408  stm32f1xx_hal_gpio.o(i.HAL_GPIO_Init)
    HAL_GPIO_ReadPin                         0x08000b81   Thumb Code    10  stm32f1xx_hal_gpio.o(i.HAL_GPIO_ReadPin)
    HAL_GPIO_WritePin                        0x08000b8b   Thumb Code    10  stm32f1xx_hal_gpio.o(i.HAL_GPIO_WritePin)
    HAL_GetTick                              0x08000b95   Thumb Code     6  stm32f1xx_hal.o(i.HAL_GetTick)
    HAL_IncTick                              0x08000ba1   Thumb Code    10  stm32f1xx_hal.o(i.HAL_IncTick)
    HAL_Init                                 0x08000bb1   Thumb Code    32  stm32f1xx_hal.o(i.HAL_Init)
    HAL_InitTick                             0x08000bd5   Thumb Code    34  stm32f1xx_hal.o(i.HAL_InitTick)
    HAL_MspInit                              0x08000bf9   Thumb Code   134  stm32f1xx_hal_msp.o(i.HAL_MspInit)
    HAL_NVIC_EnableIRQ                       0x08000c89   Thumb Code    22  stm32f1xx_hal_cortex.o(i.HAL_NVIC_EnableIRQ)
    HAL_NVIC_SetPriority                     0x08000ca1   Thumb Code    60  stm32f1xx_hal_cortex.o(i.HAL_NVIC_SetPriority)
    HAL_NVIC_SetPriorityGrouping             0x08000ce1   Thumb Code    26  stm32f1xx_hal_cortex.o(i.HAL_NVIC_SetPriorityGrouping)
    HAL_PCDEx_PMAConfig                      0x08000d05   Thumb Code    52  stm32f1xx_hal_pcd_ex.o(i.HAL_PCDEx_PMAConfig)
    HAL_PCDEx_SetConnectionState             0x08000d39   Thumb Code     2  usbd_conf.o(i.HAL_PCDEx_SetConnectionState)
    HAL_PCD_DataInStageCallback              0x08000d3b   Thumb Code    14  usbd_conf.o(i.HAL_PCD_DataInStageCallback)
    HAL_PCD_DataOutStageCallback             0x08000d49   Thumb Code    16  usbd_conf.o(i.HAL_PCD_DataOutStageCallback)
    HAL_PCD_EP_Close                         0x08000d59   Thumb Code    64  stm32f1xx_hal_pcd.o(i.HAL_PCD_EP_Close)
    HAL_PCD_EP_ClrStall                      0x08000d99   Thumb Code    72  stm32f1xx_hal_pcd.o(i.HAL_PCD_EP_ClrStall)
    HAL_PCD_EP_GetRxCount                    0x08000de1   Thumb Code    16  stm32f1xx_hal_pcd.o(i.HAL_PCD_EP_GetRxCount)
    HAL_PCD_EP_Open                          0x08000df1   Thumb Code    68  stm32f1xx_hal_pcd.o(i.HAL_PCD_EP_Open)
    HAL_PCD_EP_Receive                       0x08000e35   Thumb Code    64  stm32f1xx_hal_pcd.o(i.HAL_PCD_EP_Receive)
    HAL_PCD_EP_SetStall                      0x08000e75   Thumb Code    86  stm32f1xx_hal_pcd.o(i.HAL_PCD_EP_SetStall)
    HAL_PCD_EP_Transmit                      0x08000ecb   Thumb Code    62  stm32f1xx_hal_pcd.o(i.HAL_PCD_EP_Transmit)
    HAL_PCD_IRQHandler                       0x08000f09   Thumb Code   266  stm32f1xx_hal_pcd.o(i.HAL_PCD_IRQHandler)
    HAL_PCD_Init                             0x08001015   Thumb Code   192  stm32f1xx_hal_pcd.o(i.HAL_PCD_Init)
    HAL_PCD_MspInit                          0x080010d5   Thumb Code    50  usbd_conf.o(i.HAL_PCD_MspInit)
    HAL_PCD_ResetCallback                    0x08001111   Thumb Code    26  usbd_conf.o(i.HAL_PCD_ResetCallback)
    HAL_PCD_ResumeCallback                   0x0800112b   Thumb Code     8  usbd_conf.o(i.HAL_PCD_ResumeCallback)
    HAL_PCD_SOFCallback                      0x08001133   Thumb Code     8  usbd_conf.o(i.HAL_PCD_SOFCallback)
    HAL_PCD_SetAddress                       0x0800113b   Thumb Code    40  stm32f1xx_hal_pcd.o(i.HAL_PCD_SetAddress)
    HAL_PCD_SetupStageCallback               0x08001163   Thumb Code    14  usbd_conf.o(i.HAL_PCD_SetupStageCallback)
    HAL_PCD_Start                            0x08001171   Thumb Code    50  stm32f1xx_hal_pcd.o(i.HAL_PCD_Start)
    HAL_PCD_SuspendCallback                  0x080011a5   Thumb Code    30  usbd_conf.o(i.HAL_PCD_SuspendCallback)
    HAL_PWR_PVDCallback                      0x080011c9   Thumb Code     2  stm32f1xx_hal_pwr.o(i.HAL_PWR_PVDCallback)
    HAL_PWR_PVD_IRQHandler                   0x080011cd   Thumb Code    22  stm32f1xx_hal_pwr.o(i.HAL_PWR_PVD_IRQHandler)
    HAL_RCCEx_GetPeriphCLKFreq               0x080011e9   Thumb Code   208  stm32f1xx_hal_rcc_ex.o(i.HAL_RCCEx_GetPeriphCLKFreq)
    HAL_RCCEx_PeriphCLKConfig                0x080012d9   Thumb Code   288  stm32f1xx_hal_rcc_ex.o(i.HAL_RCCEx_PeriphCLKConfig)
    HAL_RCC_ClockConfig                      0x08001405   Thumb Code   374  stm32f1xx_hal_rcc.o(i.HAL_RCC_ClockConfig)
    HAL_RCC_GetHCLKFreq                      0x0800158d   Thumb Code     6  stm32f1xx_hal_rcc.o(i.HAL_RCC_GetHCLKFreq)
    HAL_RCC_GetPCLK2Freq                     0x08001599   Thumb Code    34  stm32f1xx_hal_rcc.o(i.HAL_RCC_GetPCLK2Freq)
    HAL_RCC_GetSysClockFreq                  0x080015c9   Thumb Code   104  stm32f1xx_hal_rcc.o(i.HAL_RCC_GetSysClockFreq)
    HAL_RCC_OscConfig                        0x08001651   Thumb Code  1406  stm32f1xx_hal_rcc.o(i.HAL_RCC_OscConfig)
    HAL_SPI_Init                             0x08001bd1   Thumb Code   132  stm32f1xx_hal_spi_ex.o(i.HAL_SPI_Init)
    HAL_SPI_MspInit                          0x08001c59   Thumb Code    84  spi.o(i.HAL_SPI_MspInit)
    HAL_SPI_TransmitReceive                  0x08001cbd   Thumb Code   686  stm32f1xx_hal_spi.o(i.HAL_SPI_TransmitReceive)
    HAL_SYSTICK_CLKSourceConfig              0x08001f6b   Thumb Code    24  stm32f1xx_hal_cortex.o(i.HAL_SYSTICK_CLKSourceConfig)
    HAL_SYSTICK_Callback                     0x08001f83   Thumb Code     2  stm32f1xx_hal_cortex.o(i.HAL_SYSTICK_Callback)
    HAL_SYSTICK_Config                       0x08001f85   Thumb Code    40  stm32f1xx_hal_cortex.o(i.HAL_SYSTICK_Config)
    HAL_SYSTICK_IRQHandler                   0x08001fad   Thumb Code     8  stm32f1xx_hal_cortex.o(i.HAL_SYSTICK_IRQHandler)
    HAL_TIMEx_BreakCallback                  0x08001fb5   Thumb Code     2  stm32f1xx_hal_tim_ex.o(i.HAL_TIMEx_BreakCallback)
    HAL_TIMEx_CommutationCallback            0x08001fb7   Thumb Code     2  stm32f1xx_hal_tim_ex.o(i.HAL_TIMEx_CommutationCallback)
    HAL_TIMEx_MasterConfigSynchronization    0x08001fb9   Thumb Code    80  stm32f1xx_hal_tim_ex.o(i.HAL_TIMEx_MasterConfigSynchronization)
    HAL_TIM_Base_Init                        0x08002009   Thumb Code    54  stm32f1xx_hal_tim.o(i.HAL_TIM_Base_Init)
    HAL_TIM_Base_MspInit                     0x08002041   Thumb Code    50  tim.o(i.HAL_TIM_Base_MspInit)
    HAL_TIM_Base_Start_IT                    0x0800207d   Thumb Code    24  stm32f1xx_hal_tim.o(i.HAL_TIM_Base_Start_IT)
    HAL_TIM_ConfigClockSource                0x08002095   Thumb Code   242  stm32f1xx_hal_tim.o(i.HAL_TIM_ConfigClockSource)
    HAL_TIM_IC_CaptureCallback               0x08002187   Thumb Code     2  stm32f1xx_hal_tim.o(i.HAL_TIM_IC_CaptureCallback)
    HAL_TIM_IRQHandler                       0x08002189   Thumb Code   358  stm32f1xx_hal_tim.o(i.HAL_TIM_IRQHandler)
    HAL_TIM_OC_DelayElapsedCallback          0x080022ef   Thumb Code     2  stm32f1xx_hal_tim.o(i.HAL_TIM_OC_DelayElapsedCallback)
    HAL_TIM_PWM_PulseFinishedCallback        0x080022f1   Thumb Code     2  stm32f1xx_hal_tim.o(i.HAL_TIM_PWM_PulseFinishedCallback)
    HAL_TIM_PeriodElapsedCallback            0x080022f5   Thumb Code     8  main.o(i.HAL_TIM_PeriodElapsedCallback)
    HAL_TIM_TriggerCallback                  0x08002301   Thumb Code     2  stm32f1xx_hal_tim.o(i.HAL_TIM_TriggerCallback)
    HardFault_Handler                        0x08002303   Thumb Code     2  stm32f1xx_it.o(i.HardFault_Handler)
    MX_ADC1_Init                             0x08002305   Thumb Code    62  adc.o(i.MX_ADC1_Init)
    MX_GPIO_Init                             0x0800234d   Thumb Code   366  gpio.o(i.MX_GPIO_Init)
    MX_SPI1_Init                             0x080024d1   Thumb Code    62  spi.o(i.MX_SPI1_Init)
    MX_TIM1_Init                             0x08002519   Thumb Code    82  tim.o(i.MX_TIM1_Init)
    MX_USB_DEVICE_Init                       0x08002575   Thumb Code    38  usb_device.o(i.MX_USB_DEVICE_Init)
    MemManage_Handler                        0x080025ad   Thumb Code     2  stm32f1xx_it.o(i.MemManage_Handler)
    NMI_Handler                              0x080025af   Thumb Code     2  stm32f1xx_it.o(i.NMI_Handler)
    PVD_IRQHandler                           0x080025b1   Thumb Code     4  stm32f1xx_it.o(i.PVD_IRQHandler)
    PendSV_Handler                           0x080025b5   Thumb Code     2  stm32f1xx_it.o(i.PendSV_Handler)
    SVC_Handler                              0x080025b7   Thumb Code     2  stm32f1xx_it.o(i.SVC_Handler)
    SysTick_Handler                          0x080025b9   Thumb Code    14  stm32f1xx_it.o(i.SysTick_Handler)
    SystemInit                               0x080025c9   Thumb Code    56  system_stm32f1xx.o(i.SystemInit)
    TIM1_UP_IRQHandler                       0x08002611   Thumb Code     6  stm32f1xx_it.o(i.TIM1_UP_IRQHandler)
    TIM_Base_SetConfig                       0x0800261d   Thumb Code    86  stm32f1xx_hal_tim.o(i.TIM_Base_SetConfig)
    USBD_CDC_ReceivePacket                   0x08002681   Thumb Code    40  usbd_cdc.o(i.USBD_CDC_ReceivePacket)
    USBD_CDC_RegisterInterface               0x080026a9   Thumb Code    16  usbd_cdc.o(i.USBD_CDC_RegisterInterface)
    USBD_CDC_SetRxBuffer                     0x080026b9   Thumb Code    12  usbd_cdc.o(i.USBD_CDC_SetRxBuffer)
    USBD_CDC_SetTxBuffer                     0x080026c5   Thumb Code    16  usbd_cdc.o(i.USBD_CDC_SetTxBuffer)
    USBD_CDC_TransmitPacket                  0x080026d5   Thumb Code    48  usbd_cdc.o(i.USBD_CDC_TransmitPacket)
    USBD_ClrClassConfig                      0x08002705   Thumb Code    14  usbd_core.o(i.USBD_ClrClassConfig)
    USBD_CtlContinueRx                       0x08002713   Thumb Code    16  usbd_ioreq.o(i.USBD_CtlContinueRx)
    USBD_CtlContinueSendData                 0x08002723   Thumb Code    16  usbd_ioreq.o(i.USBD_CtlContinueSendData)
    USBD_CtlError                            0x08002733   Thumb Code    22  usbd_ctlreq.o(i.USBD_CtlError)
    USBD_CtlPrepareRx                        0x08002749   Thumb Code    30  usbd_ioreq.o(i.USBD_CtlPrepareRx)
    USBD_CtlReceiveStatus                    0x08002767   Thumb Code    22  usbd_ioreq.o(i.USBD_CtlReceiveStatus)
    USBD_CtlSendData                         0x0800277d   Thumb Code    26  usbd_ioreq.o(i.USBD_CtlSendData)
    USBD_CtlSendStatus                       0x08002797   Thumb Code    22  usbd_ioreq.o(i.USBD_CtlSendStatus)
    USBD_GetString                           0x080027ad   Thumb Code    70  usbd_ctlreq.o(i.USBD_GetString)
    USBD_Init                                0x080027f3   Thumb Code    42  usbd_core.o(i.USBD_Init)
    USBD_LL_ClearStallEP                     0x0800281d   Thumb Code    32  usbd_conf.o(i.USBD_LL_ClearStallEP)
    USBD_LL_CloseEP                          0x0800283d   Thumb Code    32  usbd_conf.o(i.USBD_LL_CloseEP)
    USBD_LL_DataInStage                      0x0800285d   Thumb Code   170  usbd_core.o(i.USBD_LL_DataInStage)
    USBD_LL_DataOutStage                     0x08002907   Thumb Code   106  usbd_core.o(i.USBD_LL_DataOutStage)
    USBD_LL_GetRxDataSize                    0x08002971   Thumb Code     8  usbd_conf.o(i.USBD_LL_GetRxDataSize)
    USBD_LL_Init                             0x08002979   Thumb Code   116  usbd_conf.o(i.USBD_LL_Init)
    USBD_LL_IsStallEP                        0x080029f5   Thumb Code    28  usbd_conf.o(i.USBD_LL_IsStallEP)
    USBD_LL_OpenEP                           0x08002a11   Thumb Code    38  usbd_conf.o(i.USBD_LL_OpenEP)
    USBD_LL_PrepareReceive                   0x08002a37   Thumb Code    32  usbd_conf.o(i.USBD_LL_PrepareReceive)
    USBD_LL_Reset                            0x08002a57   Thumb Code    62  usbd_core.o(i.USBD_LL_Reset)
    USBD_LL_Resume                           0x08002a95   Thumb Code    12  usbd_core.o(i.USBD_LL_Resume)
    USBD_LL_SOF                              0x08002aa1   Thumb Code    24  usbd_core.o(i.USBD_LL_SOF)
    USBD_LL_SetSpeed                         0x08002ab9   Thumb Code     6  usbd_core.o(i.USBD_LL_SetSpeed)
    USBD_LL_SetUSBAddress                    0x08002abf   Thumb Code    32  usbd_conf.o(i.USBD_LL_SetUSBAddress)
    USBD_LL_SetupStage                       0x08002adf   Thumb Code    90  usbd_core.o(i.USBD_LL_SetupStage)
    USBD_LL_StallEP                          0x08002b39   Thumb Code    32  usbd_conf.o(i.USBD_LL_StallEP)
    USBD_LL_Start                            0x08002b59   Thumb Code    32  usbd_conf.o(i.USBD_LL_Start)
    USBD_LL_Suspend                          0x08002b79   Thumb Code    18  usbd_core.o(i.USBD_LL_Suspend)
    USBD_LL_Transmit                         0x08002b8b   Thumb Code    32  usbd_conf.o(i.USBD_LL_Transmit)
    USBD_ParseSetupRequest                   0x08002bab   Thumb Code    40  usbd_ctlreq.o(i.USBD_ParseSetupRequest)
    USBD_RegisterClass                       0x08002bd3   Thumb Code    16  usbd_core.o(i.USBD_RegisterClass)
    USBD_SetClassConfig                      0x08002be3   Thumb Code    22  usbd_core.o(i.USBD_SetClassConfig)
    USBD_Start                               0x08002bf9   Thumb Code    10  usbd_core.o(i.USBD_Start)
    USBD_StdDevReq                           0x08002c03   Thumb Code   242  usbd_ctlreq.o(i.USBD_StdDevReq)
    USBD_StdEPReq                            0x08002cf5   Thumb Code   220  usbd_ctlreq.o(i.USBD_StdEPReq)
    USBD_StdItfReq                           0x08002dd1   Thumb Code    52  usbd_ctlreq.o(i.USBD_StdItfReq)
    USBD_static_free                         0x08002e05   Thumb Code     2  usbd_conf.o(i.USBD_static_free)
    USBD_static_malloc                       0x08002e09   Thumb Code     4  usbd_conf.o(i.USBD_static_malloc)
    USB_ActivateEndpoint                     0x08002e11   Thumb Code   604  stm32f1xx_ll_usb.o(i.USB_ActivateEndpoint)
    USB_CoreInit                             0x0800306d   Thumb Code     4  stm32f1xx_ll_usb.o(i.USB_CoreInit)
    USB_DeactivateEndpoint                   0x08003071   Thumb Code   292  stm32f1xx_ll_usb.o(i.USB_DeactivateEndpoint)
    USB_DevConnect                           0x08003195   Thumb Code     4  stm32f1xx_ll_usb.o(i.USB_DevConnect)
    USB_DevDisconnect                        0x08003199   Thumb Code     4  stm32f1xx_ll_usb.o(i.USB_DevDisconnect)
    USB_DevInit                              0x0800319d   Thumb Code    18  stm32f1xx_ll_usb.o(i.USB_DevInit)
    USB_DisableGlobalInt                     0x080031af   Thumb Code    14  stm32f1xx_ll_usb.o(i.USB_DisableGlobalInt)
    USB_EP0_OutStart                         0x080031bd   Thumb Code     4  stm32f1xx_ll_usb.o(i.USB_EP0_OutStart)
    USB_EPClearStall                         0x080031c1   Thumb Code   106  stm32f1xx_ll_usb.o(i.USB_EPClearStall)
    USB_EPSetStall                           0x0800322b   Thumb Code    74  stm32f1xx_ll_usb.o(i.USB_EPSetStall)
    USB_EPStartXfer                          0x08003275   Thumb Code   426  stm32f1xx_ll_usb.o(i.USB_EPStartXfer)
    USB_EnableGlobalInt                      0x0800341f   Thumb Code    14  stm32f1xx_ll_usb.o(i.USB_EnableGlobalInt)
    USB_LP_CAN1_RX0_IRQHandler               0x0800342d   Thumb Code     6  stm32f1xx_it.o(i.USB_LP_CAN1_RX0_IRQHandler)
    USB_ReadInterrupts                       0x08003439   Thumb Code     6  stm32f1xx_ll_usb.o(i.USB_ReadInterrupts)
    USB_ReadPMA                              0x08003441   Thumb Code    30  stm32f1xx_ll_usb.o(i.USB_ReadPMA)
    USB_SetCurrentMode                       0x0800345f   Thumb Code     4  stm32f1xx_ll_usb.o(i.USB_SetCurrentMode)
    USB_SetDevAddress                        0x08003463   Thumb Code    12  stm32f1xx_ll_usb.o(i.USB_SetDevAddress)
    USB_WritePMA                             0x0800346f   Thumb Code    38  stm32f1xx_ll_usb.o(i.USB_WritePMA)
    UsageFault_Handler                       0x08003495   Thumb Code     2  stm32f1xx_it.o(i.UsageFault_Handler)
    SystemClock_Config()                     0x08003a5d   Thumb Code   126  main.o(i._Z18SystemClock_Configv)
    USBD_FS_DeviceDescriptor(USBD_SpeedTypeDef, unsigned short*) 0x08003c51   Thumb Code     8  usbd_desc.o(i._Z24USBD_FS_DeviceDescriptor17USBD_SpeedTypeDefPt)
    USBD_FS_ConfigStrDescriptor(USBD_SpeedTypeDef, unsigned short*) 0x08003cfd   Thumb Code    16  usbd_desc.o(i._Z27USBD_FS_ConfigStrDescriptor17USBD_SpeedTypeDefPt)
    USBD_FS_LangIDStrDescriptor(USBD_SpeedTypeDef, unsigned short*) 0x08003d1d   Thumb Code     8  usbd_desc.o(i._Z27USBD_FS_LangIDStrDescriptor17USBD_SpeedTypeDefPt)
    USBD_FS_SerialStrDescriptor(USBD_SpeedTypeDef, unsigned short*) 0x08003d29   Thumb Code    16  usbd_desc.o(i._Z27USBD_FS_SerialStrDescriptor17USBD_SpeedTypeDefPt)
    USBD_FS_ProductStrDescriptor(USBD_SpeedTypeDef, unsigned short*) 0x08003d4d   Thumb Code    16  usbd_desc.o(i._Z28USBD_FS_ProductStrDescriptor17USBD_SpeedTypeDefPt)
    USBD_FS_InterfaceStrDescriptor(USBD_SpeedTypeDef, unsigned short*) 0x08003d85   Thumb Code    16  usbd_desc.o(i._Z30USBD_FS_InterfaceStrDescriptor17USBD_SpeedTypeDefPt)
    USBD_FS_ManufacturerStrDescriptor(USBD_SpeedTypeDef, unsigned short*) 0x08003da9   Thumb Code    16  usbd_desc.o(i._Z33USBD_FS_ManufacturerStrDescriptor17USBD_SpeedTypeDefPt)
    USBD_CDC_GetDeviceQualifierDescriptor(unsigned short*) 0x08003dd1   Thumb Code     8  usbd_cdc.o(i._Z37USBD_CDC_GetDeviceQualifierDescriptorPt)
    NRF::get_Status()                        0x08003ddd   Thumb Code    50  nrf24l01.o(i._ZN3NRF10get_StatusEv)
    NRF::init_milad(char, char, char, char*, char, char, char) 0x08003e0f   Thumb Code   122  nrf24l01.o(i._ZN3NRF10init_miladEcccPcccc)
    NRF::readRegBuf(char, char*, int)        0x08003e89   Thumb Code    74  nrf24l01.o(i._ZN3NRF10readRegBufEcPci)
    NRF::read_RX_Buf(char*, int)             0x08003ed3   Thumb Code    10  nrf24l01.o(i._ZN3NRF11read_RX_BufEPci)
    NRF::set_RX_Pipe(char, char*, int, char) 0x08003edd   Thumb Code    76  nrf24l01.o(i._ZN3NRF11set_RX_PipeEcPcic)
    NRF::writeRegBuf(char, char*, int)       0x08003f29   Thumb Code    74  nrf24l01.o(i._ZN3NRF11writeRegBufEcPci)
    NRF::write_TX_Buf(char*, int)            0x08003f73   Thumb Code    10  nrf24l01.o(i._ZN3NRF12write_TX_BufEPci)
    NRF::set_ShockBurst(char)                0x08003f7d   Thumb Code    28  nrf24l01.o(i._ZN3NRF14set_ShockBurstEc)
    NRF::set_TX_Address(char*, int)          0x08003f99   Thumb Code    10  nrf24l01.o(i._ZN3NRF14set_TX_AddressEPci)
    NRF::clear_Interrupts()                  0x08003fa3   Thumb Code     8  nrf24l01.o(i._ZN3NRF16clear_InterruptsEv)
    NRF::set_Address_Width(char)             0x08003fab   Thumb Code     8  nrf24l01.o(i._ZN3NRF17set_Address_WidthEc)
    NRF::SPI_L(char)                         0x08003fb3   Thumb Code    28  nrf24l01.o(i._ZN3NRF5SPI_LEc)
    NRF::set_CH(char)                        0x08003fcf   Thumb Code    10  nrf24l01.o(i._ZN3NRF6set_CHEc)
    NRF::readReg(char)                       0x08003fd9   Thumb Code    52  nrf24l01.o(i._ZN3NRF7readRegEc)
    NRF::flush_RX()                          0x0800400d   Thumb Code    40  nrf24l01.o(i._ZN3NRF8flush_RXEv)
    NRF::flush_TX()                          0x08004035   Thumb Code    40  nrf24l01.o(i._ZN3NRF8flush_TXEv)
    NRF::writeReg(char, char)                0x0800405d   Thumb Code    54  nrf24l01.o(i._ZN3NRF8writeRegEcc)
    NRF::clear_All()                         0x08004093   Thumb Code    34  nrf24l01.o(i._ZN3NRF9clear_AllEv)
    Joystick::Data_Ready()                   0x080040b5   Thumb Code    24  joystick.o(i._ZN8Joystick10Data_ReadyEv)
    Joystick::getOffsets()                   0x080040cd   Thumb Code   314  joystick.o(i._ZN8Joystick10getOffsetsEv)
    Joystick::Key_Changed()                  0x08004207   Thumb Code    18  joystick.o(i._ZN8Joystick11Key_ChangedEv)
    Joystick::Time_Passed(TIM_HandleTypeDef*) 0x08004219   Thumb Code    28  joystick.o(i._ZN8Joystick11Time_PassedEP17TIM_HandleTypeDef)
    Joystick::changeRobot(unsigned char)     0x08004235   Thumb Code    48  joystick.o(i._ZN8Joystick11changeRobotEh)
    Joystick::changeChannel(unsigned long)   0x0800426d   Thumb Code    22  joystick.o(i._ZN8Joystick13changeChannelEm)
    Joystick::getW()                         0x08004283   Thumb Code   100  joystick.o(i._ZN8Joystick4getWEv)
    Joystick::getX()                         0x080042e7   Thumb Code   100  joystick.o(i._ZN8Joystick4getXEv)
    Joystick::getY()                         0x0800434b   Thumb Code   100  joystick.o(i._ZN8Joystick4getYEv)
    Joystick::init(NRF*, ADC_HandleTypeDef*, TIM_HandleTypeDef*, unsigned long, unsigned long, unsigned long, unsigned long) 0x080043af   Thumb Code    62  joystick.o(i._ZN8Joystick4initEP3NRFP17ADC_HandleTypeDefP17TIM_HandleTypeDefmmmm)
    Joystick::setW(int)                      0x080043ed   Thumb Code    24  joystick.o(i._ZN8Joystick4setWEi)
    Joystick::setX(int)                      0x08004405   Thumb Code    24  joystick.o(i._ZN8Joystick4setXEi)
    Joystick::setY(int)                      0x0800441d   Thumb Code    24  joystick.o(i._ZN8Joystick4setYEi)
    Joystick::update()                       0x08004435   Thumb Code   136  joystick.o(i._ZN8Joystick6updateEv)
    Joystick::Do_Keys()                      0x080044bd   Thumb Code    48  joystick.o(i._ZN8Joystick7Do_KeysEv)
    Joystick::NRFInit()                      0x080044ed   Thumb Code    88  joystick.o(i._ZN8Joystick7NRFInitEv)
    Joystick::Read_Keys()                    0x0800454d   Thumb Code   144  joystick.o(i._ZN8Joystick9Read_KeysEv)
    Joystick::Joystick()                     0x080045e5   Thumb Code     2  joystick.o(i._ZN8JoystickC1Ev)
    Joystick::Joystick__sub_object()         0x080045e5   Thumb Code     0  joystick.o(i._ZN8JoystickC1Ev)
    __0sprintf$6                             0x080045e9   Thumb Code    34  printf6.o(i.__0sprintf$6)
    __1sprintf$6                             0x080045e9   Thumb Code     0  printf6.o(i.__0sprintf$6)
    __2sprintf                               0x080045e9   Thumb Code     0  printf6.o(i.__0sprintf$6)
    __scatterload_copy                       0x08004611   Thumb Code    14  handlers.o(i.__scatterload_copy)
    __scatterload_null                       0x0800461f   Thumb Code     2  handlers.o(i.__scatterload_null)
    __scatterload_zeroinit                   0x08004621   Thumb Code    14  handlers.o(i.__scatterload_zeroinit)
    main                                     0x08004989   Thumb Code   240  main.o(i.main)
    AHBPrescTable                            0x08004ac4   Data          16  system_stm32f1xx.o(.constdata)
    APBPrescTable                            0x08004ad4   Data           8  system_stm32f1xx.o(.constdata)
    Region$$Table$$Base                      0x08004adc   Number         0  anon$$obj.o(Region$$Table)
    Region$$Table$$Limit                     0x08004afc   Number         0  anon$$obj.o(Region$$Table)
    SHT$$INIT_ARRAY$$Base                    0x08004afc   Number         0  main.o(.init_array)
    SHT$$INIT_ARRAY$$Limit                   0x08004b00   Number         0  cpp_init.o(.init_array)
    uCRCErrorWorkaroundCheck                 0x20000000   Data           1  stm32f1xx_hal_spi_ex.o(.data)
    USBD_CDC_CfgHSDesc                       0x2000001c   Data          67  usbd_cdc.o(.data)
    USBD_CDC_CfgFSDesc                       0x20000060   Data          67  usbd_cdc.o(.data)
    USBD_CDC_OtherSpeedCfgDesc               0x200000a4   Data          67  usbd_cdc.o(.data)
    USBD_CDC                                 0x200000e8   Data          56  usbd_cdc.o(.data)
    USBD_Interface_fops_FS                   0x20000120   Data          16  usbd_cdc_if.o(.data)
    UserRxBufferFS                           0x20000130   Data           4  usbd_cdc_if.o(.data)
    UserTxBufferFS                           0x20000134   Data           4  usbd_cdc_if.o(.data)
    FS_Desc                                  0x20000138   Data          28  usbd_desc.o(.data)
    USBD_LangIDDesc                          0x20000154   Data           4  usbd_desc.o(.data)
    USBD_FS_DeviceDesc                       0x20000158   Data          18  usbd_desc.o(.data)
    SystemCoreClock                          0x2000016c   Data           4  system_stm32f1xx.o(.data)
    hUsbDeviceFS                             0x20000170   Data         548  usb_device.o(.bss)
    htim1                                    0x20000394   Data          60  tim.o(.bss)
    hspi1                                    0x200003d0   Data          88  spi.o(.bss)
    hadc1                                    0x20000428   Data          48  adc.o(.bss)
    hpcd_USB_FS                              0x20000678   Data        1056  usbd_conf.o(.bss)
    USBD_StrDesc                             0x20000a98   Data         512  usbd_desc.o(.bss)
    joystick                                 0x20000c98   Data         132  main.o(.bss)
    __initial_sp                             0x20001120   Data           0  startup_stm32f103xb.o(STACK)



==============================================================================

Memory Map of the image

  Image Entry point : 0x080000ed

  Load Region LR_IROM1 (Base: 0x08000000, Size: 0x00004c70, Max: 0x00020000, ABSOLUTE, COMPRESSED[0x00004bc0])

    Execution Region ER_IROM1 (Base: 0x08000000, Size: 0x00004b00, Max: 0x00020000, ABSOLUTE)

    Base Addr    Size         Type   Attr      Idx    E Section Name        Object

    0x08000000   0x000000ec   Data   RO         4906    RESET               startup_stm32f103xb.o
    0x080000ec   0x00000000   Code   RO         4951  * .ARM.Collect$$$$00000000  mc_w.l(entry.o)
    0x080000ec   0x00000004   Code   RO         5232    .ARM.Collect$$$$00000001  mc_w.l(entry2.o)
    0x080000f0   0x00000004   Code   RO         5235    .ARM.Collect$$$$00000004  mc_w.l(entry5.o)
    0x080000f4   0x00000000   Code   RO         5237    .ARM.Collect$$$$00000008  mc_w.l(entry7b.o)
    0x080000f4   0x00000004   Code   RO         5238    .ARM.Collect$$$$00000009  mc_w.l(entry8a.o)
    0x080000f8   0x00000000   Code   RO         5239    .ARM.Collect$$$$0000000A  mc_w.l(entry8b.o)
    0x080000f8   0x00000008   Code   RO         5240    .ARM.Collect$$$$0000000B  mc_w.l(entry9a.o)
    0x08000100   0x00000000   Code   RO         5242    .ARM.Collect$$$$0000000D  mc_w.l(entry10a.o)
    0x08000100   0x00000000   Code   RO         5244    .ARM.Collect$$$$0000000F  mc_w.l(entry11a.o)
    0x08000100   0x00000004   Code   RO         5233    .ARM.Collect$$$$00002712  mc_w.l(entry2.o)
    0x08000104   0x00000024   Code   RO         4907    .text               startup_stm32f103xb.o
    0x08000128   0x00000024   Code   RO         4956    .text               mc_w.l(memcpya.o)
    0x0800014c   0x00000020   Code   RO         5224    .text               mc_w.l(cpp_init.o)
    0x0800016c   0x00000064   Code   RO         5226    .text               mf_w.l(fmul.o)
    0x080001d0   0x00000012   Code   RO         5228    .text               mf_w.l(fflti.o)
    0x080001e2   0x00000032   Code   RO         5230    .text               mf_w.l(ffixi.o)
    0x08000214   0x0000002c   Code   RO         5249    .text               mc_w.l(uidiv.o)
    0x08000240   0x00000000   Code   RO         5253    .text               mc_w.l(iusefp.o)
    0x08000240   0x0000006e   Code   RO         5254    .text               mf_w.l(fepilogue.o)
    0x080002ae   0x00000002   PAD
    0x080002b0   0x00000024   Code   RO         5266    .text               mc_w.l(init.o)
    0x080002d4   0x00000056   Code   RO         5284    .text               mc_w.l(__dczerorl2.o)
    0x0800032a   0x00000002   PAD
    0x0800032c   0x0000004c   Code   RO         2950    i.ADC_ConversionStop_Disable  stm32f1xx_hal_adc.o
    0x08000378   0x00000070   Code   RO         2954    i.ADC_Enable        stm32f1xx_hal_adc.o
    0x080003e8   0x00000002   Code   RO         3717    i.BusFault_Handler  stm32f1xx_it.o
    0x080003ea   0x00000002   PAD
    0x080003ec   0x0000002c   Code   RO         4012    i.CDC_Transmit_FS   usbd_cdc_if.o
    0x08000418   0x00000002   Code   RO         3718    i.DebugMon_Handler  stm32f1xx_it.o
    0x0800041a   0x00000006   Code   RO         3719    i.EXTI0_IRQHandler  stm32f1xx_it.o
    0x08000420   0x00000036   Code   RO         3720    i.EXTI15_10_IRQHandler  stm32f1xx_it.o
    0x08000456   0x00000006   Code   RO         3721    i.EXTI1_IRQHandler  stm32f1xx_it.o
    0x0800045c   0x00000006   Code   RO         3722    i.EXTI2_IRQHandler  stm32f1xx_it.o
    0x08000462   0x0000001c   Code   RO         3723    i.EXTI9_5_IRQHandler  stm32f1xx_it.o
    0x0800047e   0x00000002   Code   RO         4822    i.Error_Handler     main.o
    0x08000480   0x00000168   Code   RO         2956    i.HAL_ADC_ConfigChannel  stm32f1xx_hal_adc.o
    0x080005e8   0x00000006   Code   RO         2963    i.HAL_ADC_GetValue  stm32f1xx_hal_adc.o
    0x080005ee   0x00000002   PAD
    0x080005f0   0x00000134   Code   RO         2965    i.HAL_ADC_Init      stm32f1xx_hal_adc.o
    0x08000724   0x00000040   Code   RO         4070    i.HAL_ADC_MspInit   adc.o
    0x08000764   0x00000130   Code   RO         2969    i.HAL_ADC_PollForConversion  stm32f1xx_hal_adc.o
    0x08000894   0x000000c0   Code   RO         2971    i.HAL_ADC_Start     stm32f1xx_hal_adc.o
    0x08000954   0x00000034   Code   RO         2974    i.HAL_ADC_Stop      stm32f1xx_hal_adc.o
    0x08000988   0x00000016   Code   RO         1784    i.HAL_Delay         stm32f1xx_hal.o
    0x0800099e   0x00000002   PAD
    0x080009a0   0x0000000c   Code   RO         4823    i.HAL_GPIO_EXTI_Callback  main.o
    0x080009ac   0x00000018   Code   RO          523    i.HAL_GPIO_EXTI_IRQHandler  stm32f1xx_hal_gpio.o
    0x080009c4   0x000001bc   Code   RO          524    i.HAL_GPIO_Init     stm32f1xx_hal_gpio.o
    0x08000b80   0x0000000a   Code   RO          526    i.HAL_GPIO_ReadPin  stm32f1xx_hal_gpio.o
    0x08000b8a   0x0000000a   Code   RO          528    i.HAL_GPIO_WritePin  stm32f1xx_hal_gpio.o
    0x08000b94   0x0000000c   Code   RO         1788    i.HAL_GetTick       stm32f1xx_hal.o
    0x08000ba0   0x00000010   Code   RO         1789    i.HAL_IncTick       stm32f1xx_hal.o
    0x08000bb0   0x00000024   Code   RO         1790    i.HAL_Init          stm32f1xx_hal.o
    0x08000bd4   0x00000022   Code   RO         1791    i.HAL_InitTick      stm32f1xx_hal.o
    0x08000bf6   0x00000002   PAD
    0x08000bf8   0x00000090   Code   RO         3942    i.HAL_MspInit       stm32f1xx_hal_msp.o
    0x08000c88   0x00000016   Code   RO            6    i.HAL_NVIC_EnableIRQ  stm32f1xx_hal_cortex.o
    0x08000c9e   0x00000002   PAD
    0x08000ca0   0x00000040   Code   RO           12    i.HAL_NVIC_SetPriority  stm32f1xx_hal_cortex.o
    0x08000ce0   0x00000024   Code   RO           13    i.HAL_NVIC_SetPriorityGrouping  stm32f1xx_hal_cortex.o
    0x08000d04   0x00000034   Code   RO         1216    i.HAL_PCDEx_PMAConfig  stm32f1xx_hal_pcd_ex.o
    0x08000d38   0x00000002   Code   RO         4114    i.HAL_PCDEx_SetConnectionState  usbd_conf.o
    0x08000d3a   0x0000000e   Code   RO         4116    i.HAL_PCD_DataInStageCallback  usbd_conf.o
    0x08000d48   0x00000010   Code   RO         4117    i.HAL_PCD_DataOutStageCallback  usbd_conf.o
    0x08000d58   0x00000040   Code   RO          243    i.HAL_PCD_EP_Close  stm32f1xx_hal_pcd.o
    0x08000d98   0x00000048   Code   RO          244    i.HAL_PCD_EP_ClrStall  stm32f1xx_hal_pcd.o
    0x08000de0   0x00000010   Code   RO          246    i.HAL_PCD_EP_GetRxCount  stm32f1xx_hal_pcd.o
    0x08000df0   0x00000044   Code   RO          247    i.HAL_PCD_EP_Open   stm32f1xx_hal_pcd.o
    0x08000e34   0x00000040   Code   RO          248    i.HAL_PCD_EP_Receive  stm32f1xx_hal_pcd.o
    0x08000e74   0x00000056   Code   RO          249    i.HAL_PCD_EP_SetStall  stm32f1xx_hal_pcd.o
    0x08000eca   0x0000003e   Code   RO          250    i.HAL_PCD_EP_Transmit  stm32f1xx_hal_pcd.o
    0x08000f08   0x0000010a   Code   RO          252    i.HAL_PCD_IRQHandler  stm32f1xx_hal_pcd.o
    0x08001012   0x00000002   PAD
    0x08001014   0x000000c0   Code   RO          255    i.HAL_PCD_Init      stm32f1xx_hal_pcd.o
    0x080010d4   0x0000003c   Code   RO         4122    i.HAL_PCD_MspInit   usbd_conf.o
    0x08001110   0x0000001a   Code   RO         4123    i.HAL_PCD_ResetCallback  usbd_conf.o
    0x0800112a   0x00000008   Code   RO         4124    i.HAL_PCD_ResumeCallback  usbd_conf.o
    0x08001132   0x00000008   Code   RO         4125    i.HAL_PCD_SOFCallback  usbd_conf.o
    0x0800113a   0x00000028   Code   RO          261    i.HAL_PCD_SetAddress  stm32f1xx_hal_pcd.o
    0x08001162   0x0000000e   Code   RO         4126    i.HAL_PCD_SetupStageCallback  usbd_conf.o
    0x08001170   0x00000032   Code   RO          263    i.HAL_PCD_Start     stm32f1xx_hal_pcd.o
    0x080011a2   0x00000002   PAD
    0x080011a4   0x00000024   Code   RO         4127    i.HAL_PCD_SuspendCallback  usbd_conf.o
    0x080011c8   0x00000002   Code   RO          979    i.HAL_PWR_PVDCallback  stm32f1xx_hal_pwr.o
    0x080011ca   0x00000002   PAD
    0x080011cc   0x0000001c   Code   RO          980    i.HAL_PWR_PVD_IRQHandler  stm32f1xx_hal_pwr.o
    0x080011e8   0x000000f0   Code   RO         1518    i.HAL_RCCEx_GetPeriphCLKFreq  stm32f1xx_hal_rcc_ex.o
    0x080012d8   0x0000012c   Code   RO         1519    i.HAL_RCCEx_PeriphCLKConfig  stm32f1xx_hal_rcc_ex.o
    0x08001404   0x00000188   Code   RO          810    i.HAL_RCC_ClockConfig  stm32f1xx_hal_rcc.o
    0x0800158c   0x0000000c   Code   RO          815    i.HAL_RCC_GetHCLKFreq  stm32f1xx_hal_rcc.o
    0x08001598   0x00000030   Code   RO          818    i.HAL_RCC_GetPCLK2Freq  stm32f1xx_hal_rcc.o
    0x080015c8   0x00000088   Code   RO          819    i.HAL_RCC_GetSysClockFreq  stm32f1xx_hal_rcc.o
    0x08001650   0x0000057e   Code   RO          822    i.HAL_RCC_OscConfig  stm32f1xx_hal_rcc.o
    0x08001bce   0x00000002   PAD
    0x08001bd0   0x00000088   Code   RO          486    i.HAL_SPI_Init      stm32f1xx_hal_spi_ex.o
    0x08001c58   0x00000064   Code   RO         3968    i.HAL_SPI_MspInit   spi.o
    0x08001cbc   0x000002ae   Code   RO         2682    i.HAL_SPI_TransmitReceive  stm32f1xx_hal_spi.o
    0x08001f6a   0x00000018   Code   RO           15    i.HAL_SYSTICK_CLKSourceConfig  stm32f1xx_hal_cortex.o
    0x08001f82   0x00000002   Code   RO           16    i.HAL_SYSTICK_Callback  stm32f1xx_hal_cortex.o
    0x08001f84   0x00000028   Code   RO           17    i.HAL_SYSTICK_Config  stm32f1xx_hal_cortex.o
    0x08001fac   0x00000008   Code   RO           18    i.HAL_SYSTICK_IRQHandler  stm32f1xx_hal_cortex.o
    0x08001fb4   0x00000002   Code   RO         1248    i.HAL_TIMEx_BreakCallback  stm32f1xx_hal_tim_ex.o
    0x08001fb6   0x00000002   Code   RO         1249    i.HAL_TIMEx_CommutationCallback  stm32f1xx_hal_tim_ex.o
    0x08001fb8   0x00000050   Code   RO         1265    i.HAL_TIMEx_MasterConfigSynchronization  stm32f1xx_hal_tim_ex.o
    0x08002008   0x00000036   Code   RO         1932    i.HAL_TIM_Base_Init  stm32f1xx_hal_tim.o
    0x0800203e   0x00000002   PAD
    0x08002040   0x0000003c   Code   RO         3898    i.HAL_TIM_Base_MspInit  tim.o
    0x0800207c   0x00000018   Code   RO         1937    i.HAL_TIM_Base_Start_IT  stm32f1xx_hal_tim.o
    0x08002094   0x000000f2   Code   RO         1941    i.HAL_TIM_ConfigClockSource  stm32f1xx_hal_tim.o
    0x08002186   0x00000002   Code   RO         1961    i.HAL_TIM_IC_CaptureCallback  stm32f1xx_hal_tim.o
    0x08002188   0x00000166   Code   RO         1974    i.HAL_TIM_IRQHandler  stm32f1xx_hal_tim.o
    0x080022ee   0x00000002   Code   RO         1977    i.HAL_TIM_OC_DelayElapsedCallback  stm32f1xx_hal_tim.o
    0x080022f0   0x00000002   Code   RO         2004    i.HAL_TIM_PWM_PulseFinishedCallback  stm32f1xx_hal_tim.o
    0x080022f2   0x00000002   PAD
    0x080022f4   0x0000000c   Code   RO         4824    i.HAL_TIM_PeriodElapsedCallback  main.o
    0x08002300   0x00000002   Code   RO         2015    i.HAL_TIM_TriggerCallback  stm32f1xx_hal_tim.o
    0x08002302   0x00000002   Code   RO         3724    i.HardFault_Handler  stm32f1xx_it.o
    0x08002304   0x00000048   Code   RO         4071    i.MX_ADC1_Init      adc.o
    0x0800234c   0x00000184   Code   RO         3689    i.MX_GPIO_Init      gpio.o
    0x080024d0   0x00000048   Code   RO         3969    i.MX_SPI1_Init      spi.o
    0x08002518   0x0000005c   Code   RO         3899    i.MX_TIM1_Init      tim.o
    0x08002574   0x00000038   Code   RO         3858    i.MX_USB_DEVICE_Init  usb_device.o
    0x080025ac   0x00000002   Code   RO         3725    i.MemManage_Handler  stm32f1xx_it.o
    0x080025ae   0x00000002   Code   RO         3726    i.NMI_Handler       stm32f1xx_it.o
    0x080025b0   0x00000004   Code   RO         3727    i.PVD_IRQHandler    stm32f1xx_it.o
    0x080025b4   0x00000002   Code   RO         3728    i.PendSV_Handler    stm32f1xx_it.o
    0x080025b6   0x00000002   Code   RO         3729    i.SVC_Handler       stm32f1xx_it.o
    0x080025b8   0x0000000e   Code   RO         3730    i.SysTick_Handler   stm32f1xx_it.o
    0x080025c6   0x00000002   PAD
    0x080025c8   0x00000048   Code   RO         4915    i.SystemInit        system_stm32f1xx.o
    0x08002610   0x0000000c   Code   RO         3731    i.TIM1_UP_IRQHandler  stm32f1xx_it.o
    0x0800261c   0x00000064   Code   RO         2016    i.TIM_Base_SetConfig  stm32f1xx_hal_tim.o
    0x08002680   0x00000028   Code   RO         3497    i.USBD_CDC_ReceivePacket  usbd_cdc.o
    0x080026a8   0x00000010   Code   RO         3498    i.USBD_CDC_RegisterInterface  usbd_cdc.o
    0x080026b8   0x0000000c   Code   RO         3499    i.USBD_CDC_SetRxBuffer  usbd_cdc.o
    0x080026c4   0x00000010   Code   RO         3500    i.USBD_CDC_SetTxBuffer  usbd_cdc.o
    0x080026d4   0x00000030   Code   RO         3501    i.USBD_CDC_TransmitPacket  usbd_cdc.o
    0x08002704   0x0000000e   Code   RO         3244    i.USBD_ClrClassConfig  usbd_core.o
    0x08002712   0x00000010   Code   RO         3622    i.USBD_CtlContinueRx  usbd_ioreq.o
    0x08002722   0x00000010   Code   RO         3623    i.USBD_CtlContinueSendData  usbd_ioreq.o
    0x08002732   0x00000016   Code   RO         3424    i.USBD_CtlError     usbd_ctlreq.o
    0x08002748   0x0000001e   Code   RO         3624    i.USBD_CtlPrepareRx  usbd_ioreq.o
    0x08002766   0x00000016   Code   RO         3625    i.USBD_CtlReceiveStatus  usbd_ioreq.o
    0x0800277c   0x0000001a   Code   RO         3626    i.USBD_CtlSendData  usbd_ioreq.o
    0x08002796   0x00000016   Code   RO         3627    i.USBD_CtlSendStatus  usbd_ioreq.o
    0x080027ac   0x00000046   Code   RO         3425    i.USBD_GetString    usbd_ctlreq.o
    0x080027f2   0x0000002a   Code   RO         3246    i.USBD_Init         usbd_core.o
    0x0800281c   0x00000020   Code   RO         4128    i.USBD_LL_ClearStallEP  usbd_conf.o
    0x0800283c   0x00000020   Code   RO         4129    i.USBD_LL_CloseEP   usbd_conf.o
    0x0800285c   0x000000aa   Code   RO         3247    i.USBD_LL_DataInStage  usbd_core.o
    0x08002906   0x0000006a   Code   RO         3248    i.USBD_LL_DataOutStage  usbd_core.o
    0x08002970   0x00000008   Code   RO         4133    i.USBD_LL_GetRxDataSize  usbd_conf.o
    0x08002978   0x0000007c   Code   RO         4134    i.USBD_LL_Init      usbd_conf.o
    0x080029f4   0x0000001c   Code   RO         4135    i.USBD_LL_IsStallEP  usbd_conf.o
    0x08002a10   0x00000026   Code   RO         4136    i.USBD_LL_OpenEP    usbd_conf.o
    0x08002a36   0x00000020   Code   RO         4137    i.USBD_LL_PrepareReceive  usbd_conf.o
    0x08002a56   0x0000003e   Code   RO         3253    i.USBD_LL_Reset     usbd_core.o
    0x08002a94   0x0000000c   Code   RO         3254    i.USBD_LL_Resume    usbd_core.o
    0x08002aa0   0x00000018   Code   RO         3255    i.USBD_LL_SOF       usbd_core.o
    0x08002ab8   0x00000006   Code   RO         3256    i.USBD_LL_SetSpeed  usbd_core.o
    0x08002abe   0x00000020   Code   RO         4138    i.USBD_LL_SetUSBAddress  usbd_conf.o
    0x08002ade   0x0000005a   Code   RO         3257    i.USBD_LL_SetupStage  usbd_core.o
    0x08002b38   0x00000020   Code   RO         4139    i.USBD_LL_StallEP   usbd_conf.o
    0x08002b58   0x00000020   Code   RO         4140    i.USBD_LL_Start     usbd_conf.o
    0x08002b78   0x00000012   Code   RO         3258    i.USBD_LL_Suspend   usbd_core.o
    0x08002b8a   0x00000020   Code   RO         4142    i.USBD_LL_Transmit  usbd_conf.o
    0x08002baa   0x00000028   Code   RO         3426    i.USBD_ParseSetupRequest  usbd_ctlreq.o
    0x08002bd2   0x00000010   Code   RO         3259    i.USBD_RegisterClass  usbd_core.o
    0x08002be2   0x00000016   Code   RO         3261    i.USBD_SetClassConfig  usbd_core.o
    0x08002bf8   0x0000000a   Code   RO         3262    i.USBD_Start        usbd_core.o
    0x08002c02   0x000000f2   Code   RO         3427    i.USBD_StdDevReq    usbd_ctlreq.o
    0x08002cf4   0x000000dc   Code   RO         3428    i.USBD_StdEPReq     usbd_ctlreq.o
    0x08002dd0   0x00000034   Code   RO         3429    i.USBD_StdItfReq    usbd_ctlreq.o
    0x08002e04   0x00000002   Code   RO         4143    i.USBD_static_free  usbd_conf.o
    0x08002e06   0x00000002   PAD
    0x08002e08   0x00000008   Code   RO         4144    i.USBD_static_malloc  usbd_conf.o
    0x08002e10   0x0000025c   Code   RO         1556    i.USB_ActivateEndpoint  stm32f1xx_ll_usb.o
    0x0800306c   0x00000004   Code   RO         1559    i.USB_CoreInit      stm32f1xx_ll_usb.o
    0x08003070   0x00000124   Code   RO         1561    i.USB_DeactivateEndpoint  stm32f1xx_ll_usb.o
    0x08003194   0x00000004   Code   RO         1562    i.USB_DevConnect    stm32f1xx_ll_usb.o
    0x08003198   0x00000004   Code   RO         1563    i.USB_DevDisconnect  stm32f1xx_ll_usb.o
    0x0800319c   0x00000012   Code   RO         1564    i.USB_DevInit       stm32f1xx_ll_usb.o
    0x080031ae   0x0000000e   Code   RO         1565    i.USB_DisableGlobalInt  stm32f1xx_ll_usb.o
    0x080031bc   0x00000004   Code   RO         1566    i.USB_EP0_OutStart  stm32f1xx_ll_usb.o
    0x080031c0   0x0000006a   Code   RO         1567    i.USB_EPClearStall  stm32f1xx_ll_usb.o
    0x0800322a   0x0000004a   Code   RO         1568    i.USB_EPSetStall    stm32f1xx_ll_usb.o
    0x08003274   0x000001aa   Code   RO         1569    i.USB_EPStartXfer   stm32f1xx_ll_usb.o
    0x0800341e   0x0000000e   Code   RO         1570    i.USB_EnableGlobalInt  stm32f1xx_ll_usb.o
    0x0800342c   0x0000000c   Code   RO         3732    i.USB_LP_CAN1_RX0_IRQHandler  stm32f1xx_it.o
    0x08003438   0x00000006   Code   RO         1577    i.USB_ReadInterrupts  stm32f1xx_ll_usb.o
    0x0800343e   0x00000002   PAD
    0x08003440   0x0000001e   Code   RO         1578    i.USB_ReadPMA       stm32f1xx_ll_usb.o
    0x0800345e   0x00000004   Code   RO         1580    i.USB_SetCurrentMode  stm32f1xx_ll_usb.o
    0x08003462   0x0000000c   Code   RO         1581    i.USB_SetDevAddress  stm32f1xx_ll_usb.o
    0x0800346e   0x00000026   Code   RO         1583    i.USB_WritePMA      stm32f1xx_ll_usb.o
    0x08003494   0x00000002   Code   RO         3733    i.UsageFault_Handler  stm32f1xx_it.o
    0x08003496   0x00000002   PAD
    0x08003498   0x00000024   Code   RO         4013    i._Z11CDC_Init_FSv  usbd_cdc_if.o
    0x080034bc   0x00000004   Code   RO         4014    i._Z13CDC_DeInit_FSv  usbd_cdc_if.o
    0x080034c0   0x00000088   Code   RO         3502    i._Z13USBD_CDC_InitP19_USBD_HandleTypeDefh  usbd_cdc.o
    0x08003548   0x00000004   Code   RO         4015    i._Z14CDC_Control_FShPht  usbd_cdc_if.o
    0x0800354c   0x00000018   Code   RO         4016    i._Z14CDC_Receive_FSPhPj  usbd_cdc_if.o
    0x08003564   0x00000070   Code   RO         3503    i._Z14USBD_CDC_SetupP19_USBD_HandleTypeDefP13usb_setup_req  usbd_cdc.o
    0x080035d4   0x00000074   Code   RO         3430    i._Z14USBD_SetConfigP19_USBD_HandleTypeDefP13usb_setup_req  usbd_ctlreq.o
    0x08003648   0x00000014   Code   RO         3504    i._Z15USBD_CDC_DataInP19_USBD_HandleTypeDefh  usbd_cdc.o
    0x0800365c   0x0000003c   Code   RO         3505    i._Z15USBD_CDC_DeInitP19_USBD_HandleTypeDefh  usbd_cdc.o
    0x08003698   0x00000020   Code   RO           19    i._Z16NVIC_SetPriority9IRQn_Typej  stm32f1xx_hal_cortex.o
    0x080036b8   0x0000002e   Code   RO         3506    i._Z16USBD_CDC_DataOutP19_USBD_HandleTypeDefh  usbd_cdc.o
    0x080036e6   0x00000014   Code   RO         2023    i._Z17TIM_ETR_SetConfigP11TIM_TypeDefjjj  stm32f1xx_hal_tim.o
    0x080036fa   0x00000362   Code   RO          266    i._Z18PCD_EP_ISR_HandlerP17PCD_HandleTypeDef  stm32f1xx_hal_pcd.o
    0x08003a5c   0x0000007e   Code   RO         4825    i._Z18SystemClock_Configv  main.o
    0x08003ada   0x00000010   Code   RO         2029    i._Z18TIM_ITRx_SetConfigP11TIM_TypeDeft  stm32f1xx_hal_tim.o
    0x08003aea   0x000000e0   Code   RO         3431    i._Z18USBD_GetDescriptorP19_USBD_HandleTypeDefP13usb_setup_req  usbd_ctlreq.o
    0x08003bca   0x00000024   Code   RO         3507    i._Z20USBD_CDC_EP0_RxReadyP19_USBD_HandleTypeDef  usbd_cdc.o
    0x08003bee   0x00000002   PAD
    0x08003bf0   0x0000000c   Code   RO         3508    i._Z21USBD_CDC_GetFSCfgDescPt  usbd_cdc.o
    0x08003bfc   0x0000000c   Code   RO         3509    i._Z21USBD_CDC_GetHSCfgDescPt  usbd_cdc.o
    0x08003c08   0x00000022   Code   RO         2032    i._Z24TIM_TI1_ConfigInputStageP11TIM_TypeDefjj  stm32f1xx_hal_tim.o
    0x08003c2a   0x00000024   Code   RO         2033    i._Z24TIM_TI2_ConfigInputStageP11TIM_TypeDefjj  stm32f1xx_hal_tim.o
    0x08003c4e   0x00000002   PAD
    0x08003c50   0x0000000c   Code   RO         4359    i._Z24USBD_FS_DeviceDescriptor17USBD_SpeedTypeDefPt  usbd_desc.o
    0x08003c5c   0x0000009e   Code   RO         2701    i._Z26SPI_WaitOnFlagUntilTimeoutP19__SPI_HandleTypeDefj10FlagStatusj  stm32f1xx_hal_spi.o
    0x08003cfa   0x00000002   PAD
    0x08003cfc   0x00000020   Code   RO         4360    i._Z27USBD_FS_ConfigStrDescriptor17USBD_SpeedTypeDefPt  usbd_desc.o
    0x08003d1c   0x0000000c   Code   RO         4361    i._Z27USBD_FS_LangIDStrDescriptor17USBD_SpeedTypeDefPt  usbd_desc.o
    0x08003d28   0x00000024   Code   RO         4362    i._Z27USBD_FS_SerialStrDescriptor17USBD_SpeedTypeDefPt  usbd_desc.o
    0x08003d4c   0x0000002c   Code   RO         4363    i._Z28USBD_FS_ProductStrDescriptor17USBD_SpeedTypeDefPt  usbd_desc.o
    0x08003d78   0x0000000c   Code   RO         3510    i._Z29USBD_CDC_GetOtherSpeedCfgDescPt  usbd_cdc.o
    0x08003d84   0x00000024   Code   RO         4364    i._Z30USBD_FS_InterfaceStrDescriptor17USBD_SpeedTypeDefPt  usbd_desc.o
    0x08003da8   0x00000028   Code   RO         4365    i._Z33USBD_FS_ManufacturerStrDescriptor17USBD_SpeedTypeDefPt  usbd_desc.o
    0x08003dd0   0x0000000c   Code   RO         3511    i._Z37USBD_CDC_GetDeviceQualifierDescriptorPt  usbd_cdc.o
    0x08003ddc   0x00000032   Code   RO         4648    i._ZN3NRF10get_StatusEv  nrf24l01.o
    0x08003e0e   0x0000007a   Code   RO         4649    i._ZN3NRF10init_miladEcccPcccc  nrf24l01.o
    0x08003e88   0x0000004a   Code   RO         4650    i._ZN3NRF10readRegBufEcPci  nrf24l01.o
    0x08003ed2   0x0000000a   Code   RO         4651    i._ZN3NRF11read_RX_BufEPci  nrf24l01.o
    0x08003edc   0x0000004c   Code   RO         4652    i._ZN3NRF11set_RX_PipeEcPcic  nrf24l01.o
    0x08003f28   0x0000004a   Code   RO         4653    i._ZN3NRF11writeRegBufEcPci  nrf24l01.o
    0x08003f72   0x0000000a   Code   RO         4654    i._ZN3NRF12write_TX_BufEPci  nrf24l01.o
    0x08003f7c   0x0000001c   Code   RO         4655    i._ZN3NRF14set_ShockBurstEc  nrf24l01.o
    0x08003f98   0x0000000a   Code   RO         4656    i._ZN3NRF14set_TX_AddressEPci  nrf24l01.o
    0x08003fa2   0x00000008   Code   RO         4658    i._ZN3NRF16clear_InterruptsEv  nrf24l01.o
    0x08003faa   0x00000008   Code   RO         4660    i._ZN3NRF17set_Address_WidthEc  nrf24l01.o
    0x08003fb2   0x0000001c   Code   RO         4664    i._ZN3NRF5SPI_LEc   nrf24l01.o
    0x08003fce   0x0000000a   Code   RO         4666    i._ZN3NRF6set_CHEc  nrf24l01.o
    0x08003fd8   0x00000034   Code   RO         4667    i._ZN3NRF7readRegEc  nrf24l01.o
    0x0800400c   0x00000028   Code   RO         4669    i._ZN3NRF8flush_RXEv  nrf24l01.o
    0x08004034   0x00000028   Code   RO         4670    i._ZN3NRF8flush_TXEv  nrf24l01.o
    0x0800405c   0x00000036   Code   RO         4671    i._ZN3NRF8writeRegEcc  nrf24l01.o
    0x08004092   0x00000022   Code   RO         4672    i._ZN3NRF9clear_AllEv  nrf24l01.o
    0x080040b4   0x00000018   Code   RO         4494    i._ZN8Joystick10Data_ReadyEv  joystick.o
    0x080040cc   0x0000013a   Code   RO         4495    i._ZN8Joystick10getOffsetsEv  joystick.o
    0x08004206   0x00000012   Code   RO         4496    i._ZN8Joystick11Key_ChangedEv  joystick.o
    0x08004218   0x0000001c   Code   RO         4497    i._ZN8Joystick11Time_PassedEP17TIM_HandleTypeDef  joystick.o
    0x08004234   0x00000038   Code   RO         4498    i._ZN8Joystick11changeRobotEh  joystick.o
    0x0800426c   0x00000016   Code   RO         4499    i._ZN8Joystick13changeChannelEm  joystick.o
    0x08004282   0x00000064   Code   RO         4500    i._ZN8Joystick4getWEv  joystick.o
    0x080042e6   0x00000064   Code   RO         4501    i._ZN8Joystick4getXEv  joystick.o
    0x0800434a   0x00000064   Code   RO         4502    i._ZN8Joystick4getYEv  joystick.o
    0x080043ae   0x0000003e   Code   RO         4503    i._ZN8Joystick4initEP3NRFP17ADC_HandleTypeDefP17TIM_HandleTypeDefmmmm  joystick.o
    0x080043ec   0x00000018   Code   RO         4504    i._ZN8Joystick4setWEi  joystick.o
    0x08004404   0x00000018   Code   RO         4505    i._ZN8Joystick4setXEi  joystick.o
    0x0800441c   0x00000018   Code   RO         4506    i._ZN8Joystick4setYEi  joystick.o
    0x08004434   0x00000088   Code   RO         4507    i._ZN8Joystick6updateEv  joystick.o
    0x080044bc   0x00000030   Code   RO         4508    i._ZN8Joystick7Do_KeysEv  joystick.o
    0x080044ec   0x00000060   Code   RO         4509    i._ZN8Joystick7NRFInitEv  joystick.o
    0x0800454c   0x00000098   Code   RO         4512    i._ZN8Joystick9Read_KeysEv  joystick.o
    0x080045e4   0x00000002   Code   RO         4514    i._ZN8JoystickC1Ev  joystick.o
    0x080045e6   0x00000002   PAD
    0x080045e8   0x00000028   Code   RO         5117    i.__0sprintf$6      mc_w.l(printf6.o)
    0x08004610   0x0000000e   Code   RO         5278    i.__scatterload_copy  mc_w.l(handlers.o)
    0x0800461e   0x00000002   Code   RO         5279    i.__scatterload_null  mc_w.l(handlers.o)
    0x08004620   0x0000000e   Code   RO         5280    i.__scatterload_zeroinit  mc_w.l(handlers.o)
    0x0800462e   0x00000002   PAD
    0x08004630   0x0000000c   Code   RO         4826    i.__sti___8_main_cpp_joystick  main.o
    0x0800463c   0x000002f0   Code   RO         5122    i._printf_core      mc_w.l(printf6.o)
    0x0800492c   0x00000024   Code   RO         5123    i._printf_post_padding  mc_w.l(printf6.o)
    0x08004950   0x0000002e   Code   RO         5124    i._printf_pre_padding  mc_w.l(printf6.o)
    0x0800497e   0x0000000a   Code   RO         5126    i._sputc            mc_w.l(printf6.o)
    0x08004988   0x0000013c   Code   RO         4827    i.main              main.o
    0x08004ac4   0x00000010   Data   RO         4918    .constdata          system_stm32f1xx.o
    0x08004ad4   0x00000008   Data   RO         4919    .constdata          system_stm32f1xx.o
    0x08004adc   0x00000020   Data   RO         5276    Region$$Table       anon$$obj.o
    0x08004afc   0x00000004   Data   RO         4835    .init_array         main.o
    0x08004b00   0x00000000   Data   RO         5222    .init_array         mc_w.l(cpp_init.o)


    Execution Region RW_IRAM1 (Base: 0x20000000, Size: 0x00001120, Max: 0x00005000, ABSOLUTE, COMPRESSED[0x000000c0])

    Base Addr    Size         Type   Attr      Idx    E Section Name        Object

    0x20000000   0x00000001   Data   RW          490    .data               stm32f1xx_hal_spi_ex.o
    0x20000001   0x00000003   PAD
    0x20000004   0x00000004   Data   RW         1815    .data               stm32f1xx_hal.o
    0x20000008   0x00000001   Data   RW         3440    .data               usbd_ctlreq.o
    0x20000009   0x00000003   PAD
    0x2000000c   0x000000db   Data   RW         3527    .data               usbd_cdc.o
    0x200000e7   0x00000001   PAD
    0x200000e8   0x00000038   Data   RW         3528    .data               usbd_cdc.o
    0x20000120   0x00000010   Data   RW         4022    .data               usbd_cdc_if.o
    0x20000130   0x00000008   Data   RW         4023    .data               usbd_cdc_if.o
    0x20000138   0x0000001c   Data   RW         4374    .data               usbd_desc.o
    0x20000154   0x00000016   Data   RW         4375    .data               usbd_desc.o
    0x2000016a   0x00000002   PAD
    0x2000016c   0x00000004   Data   RW         4920    .data               system_stm32f1xx.o
    0x20000170   0x00000224   Zero   RW         3860    .bss                usb_device.o
    0x20000394   0x0000003c   Zero   RW         3903    .bss                tim.o
    0x200003d0   0x00000058   Zero   RW         3973    .bss                spi.o
    0x20000428   0x00000030   Zero   RW         4075    .bss                adc.o
    0x20000458   0x00000640   Zero   RW         4178    .bss                usbd_conf.o
    0x20000a98   0x00000200   Zero   RW         4373    .bss                usbd_desc.o
    0x20000c98   0x00000084   Zero   RW         4834    .bss                main.o
    0x20000d1c   0x00000004   PAD
    0x20000d20   0x00000400   Zero   RW         4904    STACK               startup_stm32f103xb.o


==============================================================================

Image component sizes


      Code (inc. data)   RO Data    RW Data    ZI Data      Debug   Object Name

       136         24          0          0         48       1545   adc.o
       388         22          0          0          0       1047   gpio.o
      1330         24          0          0          0      14480   joystick.o
       480         92          4          0        132       7472   main.o
       728          0          0          0          0      10020   nrf24l01.o
       172         26          0          0         88       1581   spi.o
        36          8        236          0       1024        760   startup_stm32f103xb.o
       120         16          0          4          0       3558   stm32f1xx_hal.o
      1410         52          0          0          0       7223   stm32f1xx_hal_adc.o
       228         14          0          0          0     503233   stm32f1xx_hal_cortex.o
       488         42          0          0          0       4250   stm32f1xx_hal_gpio.o
       144         10          0          0          0        854   stm32f1xx_hal_msp.o
      1846          0          0          0          0      10169   stm32f1xx_hal_pcd.o
        52          0          0          0          0       1178   stm32f1xx_hal_pcd_ex.o
        30          6          0          0          0       1019   stm32f1xx_hal_pwr.o
      1994         82          0          0          0       5229   stm32f1xx_hal_rcc.o
       540         44          0          0          0       2469   stm32f1xx_hal_rcc_ex.o
       844          0          0          0          0       2942   stm32f1xx_hal_spi.o
       136          4          0          1          0       1350   stm32f1xx_hal_spi_ex.o
       892         14          0          0          0       9307   stm32f1xx_hal_tim.o
        84          0          0          0          0       2310   stm32f1xx_hal_tim_ex.o
       158         12          0          0          0       7162   stm32f1xx_it.o
      1654          0          0          0          0      12435   stm32f1xx_ll_usb.o
        72         16         24          4          0       1143   system_stm32f1xx.o
       152         20          0          0         60       1590   tim.o
        56         18          0          0        548       2355   usb_device.o
       590         22          0        275          0      12518   usbd_cdc.o
       112         20          0         24          0       3100   usbd_cdc_if.o
       616         28          0          0       1600      12985   usbd_conf.o
       592          0          0          0          0      13420   usbd_core.o
       986         30          0          1          0       7692   usbd_ctlreq.o
       212        116          0         50        512       4939   usbd_desc.o
       132          0          0          0          0       4284   usbd_ioreq.o

    ----------------------------------------------------------------------
     17448        762        296        368       4016     675619   Object Totals
         0          0         32          0          0          0   (incl. Generated)
        38          0          0          9          4          0   (incl. Padding)

    ----------------------------------------------------------------------

      Code (inc. data)   RO Data    RW Data    ZI Data      Debug   Library Member Name

        86          0          0          0          0          0   __dczerorl2.o
        32         10          0          0          0         80   cpp_init.o
         0          0          0          0          0          0   entry.o
         0          0          0          0          0          0   entry10a.o
         0          0          0          0          0          0   entry11a.o
         8          4          0          0          0          0   entry2.o
         4          0          0          0          0          0   entry5.o
         0          0          0          0          0          0   entry7b.o
         4          0          0          0          0          0   entry8a.o
         0          0          0          0          0          0   entry8b.o
         8          4          0          0          0          0   entry9a.o
        30          0          0          0          0          0   handlers.o
        36          8          0          0          0         68   init.o
         0          0          0          0          0          0   iusefp.o
        36          0          0          0          0         68   memcpya.o
       884         10          0          0          0        420   printf6.o
        44          0          0          0          0         80   uidiv.o
       110          0          0          0          0        168   fepilogue.o
        50          0          0          0          0         68   ffixi.o
        18          0          0          0          0         68   fflti.o
       100          0          0          0          0         76   fmul.o

    ----------------------------------------------------------------------
      1456         36          0          0          0       1096   Library Totals
         6          0          0          0          0          0   (incl. Padding)

    ----------------------------------------------------------------------

      Code (inc. data)   RO Data    RW Data    ZI Data      Debug   Library Name

      1172         36          0          0          0        716   mc_w.l
       278          0          0          0          0        380   mf_w.l

    ----------------------------------------------------------------------
      1456         36          0          0          0       1096   Library Totals

    ----------------------------------------------------------------------

==============================================================================


      Code (inc. data)   RO Data    RW Data    ZI Data      Debug   

     18904        798        296        368       4016     664727   Grand Totals
     18904        798        296        192       4016     664727   ELF Image Totals (compressed)
     18904        798        296        192          0          0   ROM Totals

==============================================================================

    Total RO  Size (Code + RO Data)                19200 (  18.75kB)
    Total RW  Size (RW Data + ZI Data)              4384 (   4.28kB)
    Total ROM Size (Code + RO Data + RW Data)      19392 (  18.94kB)

==============================================================================

